Archive member included because of file (symbol)

c:/program files (x86)/gnu tools arm embedded/4.9 2014q4/bin/../lib/gcc/arm-none-eabi/4.9.3/../../../../arm-none-eabi/lib/armv7e-m/fpu\libg.a(lib_a-init.o)
                              ..\obj\startup_stm32f4xx.o (__libc_init_array)
c:/program files (x86)/gnu tools arm embedded/4.9 2014q4/bin/../lib/gcc/arm-none-eabi/4.9.3/../../../../arm-none-eabi/lib/armv7e-m/fpu\libg.a(lib_a-memcpy.o)
                              ..\obj\mp3dec.o (memcpy)
c:/program files (x86)/gnu tools arm embedded/4.9 2014q4/bin/../lib/gcc/arm-none-eabi/4.9.3/../../../../arm-none-eabi/lib/armv7e-m/fpu\libg.a(lib_a-memmove.o)
                              ..\obj\mp3dec.o (memmove)
c:/program files (x86)/gnu tools arm embedded/4.9 2014q4/bin/../lib/gcc/arm-none-eabi/4.9.3/../../../../arm-none-eabi/lib/armv7e-m/fpu\libg.a(lib_a-memset.o)
                              ..\obj\mp3dec.o (memset)
c:/program files (x86)/gnu tools arm embedded/4.9 2014q4/bin/../lib/gcc/arm-none-eabi/4.9.3/../../../../arm-none-eabi/lib/armv7e-m/fpu\libg.a(lib_a-sprintf.o)
                              ..\obj\main.o (sprintf)
c:/program files (x86)/gnu tools arm embedded/4.9 2014q4/bin/../lib/gcc/arm-none-eabi/4.9.3/../../../../arm-none-eabi/lib/armv7e-m/fpu\libg.a(lib_a-strcmp.o)
                              ..\obj\main.o (strcmp)
c:/program files (x86)/gnu tools arm embedded/4.9 2014q4/bin/../lib/gcc/arm-none-eabi/4.9.3/../../../../arm-none-eabi/lib/armv7e-m/fpu\libg.a(lib_a-strncmp.o)
                              ..\obj\main.o (strncmp)
c:/program files (x86)/gnu tools arm embedded/4.9 2014q4/bin/../lib/gcc/arm-none-eabi/4.9.3/../../../../arm-none-eabi/lib/armv7e-m/fpu\libg.a(lib_a-strrchr.o)
                              ..\obj\main.o (strrchr)
c:/program files (x86)/gnu tools arm embedded/4.9 2014q4/bin/../lib/gcc/arm-none-eabi/4.9.3/../../../../arm-none-eabi/lib/armv7e-m/fpu\libg.a(lib_a-svfprintf.o)
                              c:/program files (x86)/gnu tools arm embedded/4.9 2014q4/bin/../lib/gcc/arm-none-eabi/4.9.3/../../../../arm-none-eabi/lib/armv7e-m/fpu\libg.a(lib_a-sprintf.o) (_svfprintf_r)
c:/program files (x86)/gnu tools arm embedded/4.9 2014q4/bin/../lib/gcc/arm-none-eabi/4.9.3/../../../../arm-none-eabi/lib/armv7e-m/fpu\libg.a(lib_a-dtoa.o)
                              c:/program files (x86)/gnu tools arm embedded/4.9 2014q4/bin/../lib/gcc/arm-none-eabi/4.9.3/../../../../arm-none-eabi/lib/armv7e-m/fpu\libg.a(lib_a-svfprintf.o) (_dtoa_r)
c:/program files (x86)/gnu tools arm embedded/4.9 2014q4/bin/../lib/gcc/arm-none-eabi/4.9.3/../../../../arm-none-eabi/lib/armv7e-m/fpu\libg.a(lib_a-impure.o)
                              c:/program files (x86)/gnu tools arm embedded/4.9 2014q4/bin/../lib/gcc/arm-none-eabi/4.9.3/../../../../arm-none-eabi/lib/armv7e-m/fpu\libg.a(lib_a-sprintf.o) (_impure_ptr)
c:/program files (x86)/gnu tools arm embedded/4.9 2014q4/bin/../lib/gcc/arm-none-eabi/4.9.3/../../../../arm-none-eabi/lib/armv7e-m/fpu\libg.a(lib_a-locale.o)
                              c:/program files (x86)/gnu tools arm embedded/4.9 2014q4/bin/../lib/gcc/arm-none-eabi/4.9.3/../../../../arm-none-eabi/lib/armv7e-m/fpu\libg.a(lib_a-svfprintf.o) (_localeconv_r)
c:/program files (x86)/gnu tools arm embedded/4.9 2014q4/bin/../lib/gcc/arm-none-eabi/4.9.3/../../../../arm-none-eabi/lib/armv7e-m/fpu\libg.a(lib_a-mallocr.o)
                              c:/program files (x86)/gnu tools arm embedded/4.9 2014q4/bin/../lib/gcc/arm-none-eabi/4.9.3/../../../../arm-none-eabi/lib/armv7e-m/fpu\libg.a(lib_a-svfprintf.o) (_malloc_r)
c:/program files (x86)/gnu tools arm embedded/4.9 2014q4/bin/../lib/gcc/arm-none-eabi/4.9.3/../../../../arm-none-eabi/lib/armv7e-m/fpu\libg.a(lib_a-memchr.o)
                              c:/program files (x86)/gnu tools arm embedded/4.9 2014q4/bin/../lib/gcc/arm-none-eabi/4.9.3/../../../../arm-none-eabi/lib/armv7e-m/fpu\libg.a(lib_a-svfprintf.o) (memchr)
c:/program files (x86)/gnu tools arm embedded/4.9 2014q4/bin/../lib/gcc/arm-none-eabi/4.9.3/../../../../arm-none-eabi/lib/armv7e-m/fpu\libg.a(lib_a-mlock.o)
                              c:/program files (x86)/gnu tools arm embedded/4.9 2014q4/bin/../lib/gcc/arm-none-eabi/4.9.3/../../../../arm-none-eabi/lib/armv7e-m/fpu\libg.a(lib_a-mallocr.o) (__malloc_lock)
c:/program files (x86)/gnu tools arm embedded/4.9 2014q4/bin/../lib/gcc/arm-none-eabi/4.9.3/../../../../arm-none-eabi/lib/armv7e-m/fpu\libg.a(lib_a-mprec.o)
                              c:/program files (x86)/gnu tools arm embedded/4.9 2014q4/bin/../lib/gcc/arm-none-eabi/4.9.3/../../../../arm-none-eabi/lib/armv7e-m/fpu\libg.a(lib_a-dtoa.o) (_Balloc)
c:/program files (x86)/gnu tools arm embedded/4.9 2014q4/bin/../lib/gcc/arm-none-eabi/4.9.3/../../../../arm-none-eabi/lib/armv7e-m/fpu\libg.a(lib_a-s_fpclassify.o)
[...]
Memory Configuration

Name             Origin             Length             Attributes
FLASH            0x08000000         0x00100000         xr
RAM              0x20000000         0x00020000         xrw
CCM              0x10000000         0x00010000         xrw
*default*        0x00000000         0xffffffff

Linker script and memory map

                0x20020000                _estack = 0x20020000
                0x00000000                _Min_Heap_Size = 0x0
                0x00000400                _Min_Stack_Size = 0x400

.isr_vector     0x08000000      0x188
                0x08000000                . = ALIGN (0x4)
 *(.isr_vector)
 .isr_vector    0x08000000      0x188 ..\obj\startup_stm32f4xx.o
                0x08000000                g_pfnVectors
                0x08000188                . = ALIGN (0x4)

.text           0x080001a0    0x16154
                0x080001a0                . = ALIGN (0x4)
 *(.text)
 .text          0x080001a0      0x134 c:/program files (x86)/gnu tools arm embedded/4.9 2014q4/bin/../lib/gcc/arm-none-eabi/4.9.3/../../../../arm-none-eabi/lib/armv7e-m/fpu\libg.a(lib_a-memcpy.o)
                0x080001a0                memcpy
 *fill*         0x080002d4        0xc 
 .text          0x080002e0      0x2e0 c:/program files (x86)/gnu tools arm embedded/4.9 2014q4/bin/../lib/gcc/arm-none-eabi/4.9.3/../../../../arm-none-eabi/lib/armv7e-m/fpu\libg.a(lib_a-strcmp.o)
                0x080002e8                strcmp
 .text          0x080005c0      0x370 c:/program files (x86)/gnu tools arm embedded/4.9 2014q4/bin/../lib/gcc/arm-none-eabi/4.9.3/armv7e-m/fpu\libgcc.a(_arm_addsubdf3.o)
                0x080005c0                __aeabi_drsub
                0x080005c8                __aeabi_dsub
                0x080005c8                __subdf3
                0x080005cc                __aeabi_dadd
                0x080005cc                __adddf3
                0x08000844                __floatunsidf
                0x08000844                __aeabi_ui2d
                0x08000864                __floatsidf
                0x08000864                __aeabi_i2d
                0x08000888                __aeabi_f2d
                0x08000888                __extendsfdf2
                0x080008c4                __floatundidf
                0x080008c4                __aeabi_ul2d
                0x080008d4                __floatdidf
                0x080008d4                __aeabi_l2d
 .text          0x08000930      0x424 c:/program files (x86)/gnu tools arm embedded/4.9 2014q4/bin/../lib/gcc/arm-none-eabi/4.9.3/armv7e-m/fpu\libgcc.a(_arm_muldivdf3.o)
                0x08000930                __aeabi_dmul
                0x08000930                __muldf3
                0x08000b84                __divdf3
                0x08000b84                __aeabi_ddiv
 .text          0x08000d54      0x110 c:/program files (x86)/gnu tools arm embedded/4.9 2014q4/bin/../lib/gcc/arm-none-eabi/4.9.3/armv7e-m/fpu\libgcc.a(_arm_cmpdf2.o)
                0x08000d54                __gtdf2
                0x08000d54                __gedf2
                0x08000d5c                __ltdf2
                0x08000d5c                __ledf2
                0x08000d64                __nedf2
                0x08000d64                __eqdf2
                0x08000d64                __cmpdf2
                0x08000de0                __aeabi_cdrcmple
                0x08000df0                __aeabi_cdcmpeq
                0x08000df0                __aeabi_cdcmple
                0x08000e00                __aeabi_dcmpeq
                0x08000e14                __aeabi_dcmplt
                0x08000e28                __aeabi_dcmple
                0x08000e3c                __aeabi_dcmpge
                0x08000e50                __aeabi_dcmpgt
 .text          0x08000e64       0x50 c:/program files (x86)/gnu tools arm embedded/4.9 2014q4/bin/../lib/gcc/arm-none-eabi/4.9.3/armv7e-m/fpu\libgcc.a(_arm_fixdfsi.o)
                0x08000e64                __aeabi_d2iz
                0x08000e64                __fixdfsi
 .text          0x08000eb4       0x2c c:/program files (x86)/gnu tools arm embedded/4.9 2014q4/bin/../lib/gcc/arm-none-eabi/4.9.3/armv7e-m/fpu\libgcc.a(_aeabi_uldivmod.o)
                0x08000eb4                __aeabi_uldivmod
 .text          0x08000ee0       0x60 c:/program files (x86)/gnu tools arm embedded/4.9 2014q4/bin/../lib/gcc/arm-none-eabi/4.9.3/armv7e-m/fpu\libgcc.a(bpabi.o)
                0x08000ee0                __gnu_ldivmod_helper
                0x08000f10                __gnu_uldivmod_helper
 .text          0x08000f40        0x4 c:/program files (x86)/gnu tools arm embedded/4.9 2014q4/bin/../lib/gcc/arm-none-eabi/4.9.3/armv7e-m/fpu\libgcc.a(_dvmd_tls.o)
                0x08000f40                __aeabi_idiv0
                0x08000f40                __aeabi_ldiv0
 .text          0x08000f44      0x29c c:/program files (x86)/gnu tools arm embedded/4.9 2014q4/bin/../lib/gcc/arm-none-eabi/4.9.3/armv7e-m/fpu\libgcc.a(_divdi3.o)
                0x08000f44                __divdi3
 .text          0x080011e0      0x26c c:/program files (x86)/gnu tools arm embedded/4.9 2014q4/bin/../lib/gcc/arm-none-eabi/4.9.3/armv7e-m/fpu\libgcc.a(_udivdi3.o)
                0x080011e0                __udivdi3
 *(.text*)
 .text.USB_OTG_WritePacket
                0x0800144c       0x28 ..\obj\usb_core.o
                0x0800144c                USB_OTG_WritePacket
 .text.USB_OTG_ReadPacket
                0x08001474       0x28 ..\obj\usb_core.o
                0x08001474                USB_OTG_ReadPacket
 .text.USB_OTG_SelectCore
                0x0800149c      0x34c ..\obj\usb_core.o
                0x0800149c                USB_OTG_SelectCore
 .text.USB_OTG_CoreInit
                0x080017e8      0x194 ..\obj\usb_core.o
                0x080017e8                USB_OTG_CoreInit
 .text.USB_OTG_EnableGlobalInt
                0x0800197c       0x10 ..\obj\usb_core.o
                0x0800197c                USB_OTG_EnableGlobalInt
 .text.USB_OTG_DisableGlobalInt
                0x0800198c       0x10 ..\obj\usb_core.o
                0x0800198c                USB_OTG_DisableGlobalInt
 .text.USB_OTG_SetCurrentMode
                0x0800199c       0x2c ..\obj\usb_core.o
                0x0800199c                USB_OTG_SetCurrentMode
 .text.USB_OTG_IsHostMode
                0x080019c8        0xc ..\obj\usb_core.o
                0x080019c8                USB_OTG_IsHostMode
 .text.USB_OTG_ReadCoreItr
                0x080019d4        0xc ..\obj\usb_core.o
                0x080019d4                USB_OTG_ReadCoreItr
 .text.USB_OTG_CoreInitHost
                0x080019e0      0x200 ..\obj\usb_core.o
                0x080019e0                USB_OTG_CoreInitHost
 .text.USB_OTG_InitFSLSPClkSel
                0x08001be0        0xc ..\obj\usb_core.o
                0x08001be0                USB_OTG_InitFSLSPClkSel
 .text.USB_OTG_ReadHostAllChannels_intr
                0x08001bec        0x8 ..\obj\usb_core.o
                0x08001bec                USB_OTG_ReadHostAllChannels_intr
 .text.USB_OTG_ResetPort
                0x08001bf4       0x3c ..\obj\usb_core.o
                0x08001bf4                USB_OTG_ResetPort
 .text.USB_OTG_HC_Init
                0x08001c30       0xec ..\obj\usb_core.o
                0x08001c30                USB_OTG_HC_Init
 .text.USB_OTG_HC_StartXfer
                0x08001d1c      0x12c ..\obj\usb_core.o
                0x08001d1c                USB_OTG_HC_StartXfer
 .text.USB_OTG_HC_Halt
                0x08001e48       0x38 ..\obj\usb_core.o
                0x08001e48                USB_OTG_HC_Halt
 .text.USB_OTG_HC_DoPing
                0x08001e80       0x24 ..\obj\usb_core.o
                0x08001e80                USB_OTG_HC_DoPing
 .text.DequantBlock
                0x08001ea4      0x190 ..\obj\dqchan.o
 .text.xmp3fixpt_DequantChannel
                0x08002034      0x27c ..\obj\dqchan.o
                0x08002034                xmp3fixpt_DequantChannel
 .text.xmp3fixpt_UnpackScaleFactors
                0x080022b0      0x894 ..\obj\scalfact.o
                0x080022b0                xmp3fixpt_UnpackScaleFactors
 .text.xmp3fixpt_GetBits.constprop.4
                0x08002b44       0xc0 ..\obj\bitstream.o
 .text.xmp3fixpt_GetBits.constprop.6
                0x08002c04       0xc0 ..\obj\bitstream.o
 .text.xmp3fixpt_GetBits.constprop.7
                0x08002cc4       0xc0 ..\obj\bitstream.o
 .text.xmp3fixpt_SetBitstreamPointer
                0x08002d84        0xc ..\obj\bitstream.o
                0x08002d84                xmp3fixpt_SetBitstreamPointer
 .text.xmp3fixpt_GetBits
                0x08002d90       0xd0 ..\obj\bitstream.o
                0x08002d90                xmp3fixpt_GetBits
 .text.xmp3fixpt_CalcBitsUsed
                0x08002e60       0x14 ..\obj\bitstream.o
                0x08002e60                xmp3fixpt_CalcBitsUsed
 .text.xmp3fixpt_CheckPadBit
                0x08002e74       0x18 ..\obj\bitstream.o
                0x08002e74                xmp3fixpt_CheckPadBit
 .text.xmp3fixpt_UnpackFrameHeader
                0x08002e8c      0x1ec ..\obj\bitstream.o
                0x08002e8c                xmp3fixpt_UnpackFrameHeader
 .text.xmp3fixpt_UnpackSideInfo
                0x08003078      0x784 ..\obj\bitstream.o
                0x08003078                xmp3fixpt_UnpackSideInfo
 .text.xmp3fixpt_Dequantize
                0x080037fc      0x284 ..\obj\dequant.o
                0x080037fc                xmp3fixpt_Dequantize
 .text.WinPrevious
                0x08003a80      0x1b8 ..\obj\imdct.o
 .text.FreqInvertRescale
                0x08003c38      0x1b4 ..\obj\imdct.o
 .text.xmp3fixpt_IMDCT
                0x08003dec     0x10a0 ..\obj\imdct.o
                0x08003dec                xmp3fixpt_IMDCT
 .text.USBH_Open_Channel
                0x08004e8c       0x58 ..\obj\usbh_hcs.o
                0x08004e8c                USBH_Open_Channel
 .text.USBH_Modify_Channel
                0x08004ee4       0x3c ..\obj\usbh_hcs.o
                0x08004ee4                USBH_Modify_Channel
 .text.USBH_Alloc_Channel
                0x08004f20       0x88 ..\obj\usbh_hcs.o
                0x08004f20                USBH_Alloc_Channel
 .text.USBH_Free_Channel
                0x08004fa8       0x18 ..\obj\usbh_hcs.o
                0x08004fa8                USBH_Free_Channel
 .text.USBH_DeAllocate_AllChannel
                0x08004fc0       0x38 ..\obj\usbh_hcs.o
                0x08004fc0                USBH_DeAllocate_AllChannel
 .text.USBH_Get_DevDesc
                0x08004ff8       0xbc ..\obj\usbh_stdreq.o
                0x08004ff8                USBH_Get_DevDesc
 .text.USBH_Get_CfgDesc
                0x080050b4      0x124 ..\obj\usbh_stdreq.o
                0x080050b4                USBH_Get_CfgDesc
 .text.USBH_Get_StringDesc
                0x080051d8       0x70 ..\obj\usbh_stdreq.o
                0x080051d8                USBH_Get_StringDesc
 .text.USBH_SetAddress
                0x08005248       0x1c ..\obj\usbh_stdreq.o
                0x08005248                USBH_SetAddress
 .text.USBH_SetCfg
                0x08005264       0x1c ..\obj\usbh_stdreq.o
                0x08005264                USBH_SetCfg
 .text.USBH_ClrFeature
                0x08005280       0x30 ..\obj\usbh_stdreq.o
                0x08005280                USBH_ClrFeature
 .text.xmp3fixpt_Subband
                0x080052b0      0x114 ..\obj\subband.o
                0x080052b0                xmp3fixpt_Subband
 .text.Reset_Handler
                0x080053c4       0x48 ..\obj\startup_stm32f4xx.o
                0x080053c4                Reset_Handler
 .text.Default_Handler
                0x0800540c        0x2 ..\obj\startup_stm32f4xx.o
                0x0800540c                RTC_Alarm_IRQHandler
                0x0800540c                HASH_RNG_IRQHandler
                0x0800540c                EXTI2_IRQHandler
                0x0800540c                TIM8_CC_IRQHandler
                0x0800540c                TIM1_CC_IRQHandler
                0x0800540c                DMA2_Stream5_IRQHandler
                0x0800540c                DMA1_Stream5_IRQHandler
                0x0800540c                PVD_IRQHandler
                0x0800540c                SDIO_IRQHandler
                0x0800540c                TAMP_STAMP_IRQHandler
                0x0800540c                CAN2_RX1_IRQHandler
                0x0800540c                EXTI3_IRQHandler
                0x0800540c                TIM8_TRG_COM_TIM14_IRQHandler
                0x0800540c                TIM1_UP_TIM10_IRQHandler
                0x0800540c                TIM8_UP_TIM13_IRQHandler
                0x0800540c                I2C3_ER_IRQHandler
                0x0800540c                I2C2_EV_IRQHandler
                0x0800540c                DMA1_Stream2_IRQHandler
                0x0800540c                CAN1_RX0_IRQHandler
                0x0800540c                FPU_IRQHandler
                0x0800540c                OTG_HS_WKUP_IRQHandler
                0x0800540c                CAN2_SCE_IRQHandler
                0x0800540c                DMA2_Stream2_IRQHandler
                0x0800540c                SPI1_IRQHandler
                0x0800540c                TIM6_DAC_IRQHandler
                0x0800540c                TIM1_BRK_TIM9_IRQHandler
                0x0800540c                DCMI_IRQHandler
                0x0800540c                CAN2_RX0_IRQHandler
                0x0800540c                DMA2_Stream3_IRQHandler
                0x0800540c                USART6_IRQHandler
                0x0800540c                USART3_IRQHandler
                0x0800540c                CRYP_IRQHandler
                0x0800540c                CAN1_RX1_IRQHandler
                0x0800540c                UART5_IRQHandler
                0x0800540c                DMA2_Stream0_IRQHandler
                0x0800540c                TIM4_IRQHandler
                0x0800540c                I2C1_EV_IRQHandler
                0x0800540c                DMA1_Stream6_IRQHandler
                0x0800540c                DMA1_Stream1_IRQHandler
                0x0800540c                UART4_IRQHandler
                0x0800540c                TIM3_IRQHandler
                0x0800540c                RCC_IRQHandler
                0x0800540c                TIM8_BRK_TIM12_IRQHandler
                0x0800540c                Default_Handler
                0x0800540c                EXTI15_10_IRQHandler
                0x0800540c                ADC_IRQHandler
                0x0800540c                TIM7_IRQHandler
                0x0800540c                CAN2_TX_IRQHandler
                0x0800540c                TIM5_IRQHandler
                0x0800540c                DMA2_Stream7_IRQHandler
                0x0800540c                I2C3_EV_IRQHandler
                0x0800540c                EXTI9_5_IRQHandler
                0x0800540c                RTC_WKUP_IRQHandler
                0x0800540c                ETH_WKUP_IRQHandler
                0x0800540c                SPI2_IRQHandler
                0x0800540c                OTG_HS_EP1_IN_IRQHandler
                0x0800540c                DMA1_Stream0_IRQHandler
                0x0800540c                CAN1_TX_IRQHandler
                0x0800540c                EXTI4_IRQHandler
                0x0800540c                FSMC_IRQHandler
                0x0800540c                ETH_IRQHandler
                0x0800540c                OTG_HS_EP1_OUT_IRQHandler
                0x0800540c                WWDG_IRQHandler
                0x0800540c                OTG_FS_WKUP_IRQHandler
                0x0800540c                TIM1_TRG_COM_TIM11_IRQHandler
                0x0800540c                OTG_HS_IRQHandler
                0x0800540c                USART2_IRQHandler
                0x0800540c                I2C2_ER_IRQHandler
                0x0800540c                DMA2_Stream1_IRQHandler
                0x0800540c                CAN1_SCE_IRQHandler
                0x0800540c                FLASH_IRQHandler
                0x0800540c                DMA2_Stream4_IRQHandler
                0x0800540c                USART1_IRQHandler
                0x0800540c                SPI3_IRQHandler
                0x0800540c                DMA1_Stream4_IRQHandler
                0x0800540c                I2C1_ER_IRQHandler
                0x0800540c                DMA2_Stream6_IRQHandler
                0x0800540c                DMA1_Stream3_IRQHandler
 *fill*         0x0800540e        0x2 
 .text.MP3InitDecoder
                0x08005410        0x4 ..\obj\mp3dec.o
                0x08005410                MP3InitDecoder
 .text.MP3FindSyncWord
                0x08005414       0x2c ..\obj\mp3dec.o
                0x08005414                MP3FindSyncWord
 .text.MP3GetLastFrameInfo
                0x08005440       0x58 ..\obj\mp3dec.o
                0x08005440                MP3GetLastFrameInfo
 .text.MP3Decode
                0x08005498      0x484 ..\obj\mp3dec.o
                0x08005498                MP3Decode
 .text.AudioCallback
                0x0800591c       0xf0 ..\obj\main.o
 .text.Mp3ReadId3V2Text.constprop.2
                0x08005a0c       0xac ..\obj\main.o
 .text.play_directory.constprop.0
                0x08005ab8      0x368 ..\obj\main.o
 .text.startup.main
                0x08005e20       0xb0 ..\obj\main.o
                0x08005e20                main
 .text.TimingDelay_Decrement
                0x08005ed0       0x20 ..\obj\main.o
                0x08005ed0                TimingDelay_Decrement
 .text._init    0x08005ef0        0x4 ..\obj\main.o
                0x08005ef0                _init
 .text.RCC_GetClocksFreq
                0x08005ef4       0x98 ..\obj\stm32f4xx_rcc.o
                0x08005ef4                RCC_GetClocksFreq
 .text.RCC_AHB1PeriphClockCmd
                0x08005f8c       0x18 ..\obj\stm32f4xx_rcc.o
                0x08005f8c                RCC_AHB1PeriphClockCmd
 .text.RCC_AHB2PeriphClockCmd
                0x08005fa4       0x18 ..\obj\stm32f4xx_rcc.o
                0x08005fa4                RCC_AHB2PeriphClockCmd
 .text.RCC_APB1PeriphClockCmd
                0x08005fbc       0x18 ..\obj\stm32f4xx_rcc.o
                0x08005fbc                RCC_APB1PeriphClockCmd
 .text.RCC_APB2PeriphClockCmd
                0x08005fd4       0x18 ..\obj\stm32f4xx_rcc.o
                0x08005fd4                RCC_APB2PeriphClockCmd
 .text.RCC_APB1PeriphResetCmd
                0x08005fec       0x18 ..\obj\stm32f4xx_rcc.o
                0x08005fec                RCC_APB1PeriphResetCmd
 .text.NMI_Handler
                0x08006004        0x4 ..\obj\stm32f4xx_it.o
                0x08006004                NMI_Handler
 .text.HardFault_Handler
                0x08006008        0x4 ..\obj\stm32f4xx_it.o
                0x08006008                HardFault_Handler
 .text.MemManage_Handler
                0x0800600c        0x4 ..\obj\stm32f4xx_it.o
                0x0800600c                MemManage_Handler
 .text.BusFault_Handler
                0x08006010        0x4 ..\obj\stm32f4xx_it.o
                0x08006010                BusFault_Handler
 .text.UsageFault_Handler
                0x08006014        0x4 ..\obj\stm32f4xx_it.o
                0x08006014                UsageFault_Handler
 .text.SVC_Handler
                0x08006018        0x4 ..\obj\stm32f4xx_it.o
                0x08006018                SVC_Handler
 .text.DebugMon_Handler
                0x0800601c        0x4 ..\obj\stm32f4xx_it.o
                0x0800601c                DebugMon_Handler
 .text.PendSV_Handler
                0x08006020        0x4 ..\obj\stm32f4xx_it.o
                0x08006020                PendSV_Handler
 .text.SysTick_Handler
                0x08006024        0x4 ..\obj\stm32f4xx_it.o
                0x08006024                SysTick_Handler
 .text.EXTI1_IRQHandler
                0x08006028        0x8 ..\obj\stm32f4xx_it.o
                0x08006028                EXTI1_IRQHandler
 .text.EXTI0_IRQHandler
                0x08006030        0x8 ..\obj\stm32f4xx_it.o
                0x08006030                EXTI0_IRQHandler
 .text.TIM2_IRQHandler
                0x08006038        0x4 ..\obj\stm32f4xx_it.o
                0x08006038                TIM2_IRQHandler
 .text.OTG_FS_IRQHandler
                0x0800603c        0xc ..\obj\stm32f4xx_it.o
                0x0800603c                OTG_FS_IRQHandler
 .text.USBH_MSC_ClassRequest
                0x08006048        0xc ..\obj\usbh_msc_core.o
 .text.USBH_MSC_InterfaceDeInit
                0x08006054       0x3c ..\obj\usbh_msc_core.o
 .text.USBH_MSC_InterfaceInit
                0x08006090       0xa0 ..\obj\usbh_msc_core.o
 .text.USBH_MSC_Handle
                0x08006130      0x194 ..\obj\usbh_msc_core.o
 .text.USBH_Connect
                0x080062c4       0x14 ..\obj\usbh_core.o
                0x080062c4                USBH_Connect
 .text.USBH_Disconnect
                0x080062d8       0x14 ..\obj\usbh_core.o
                0x080062d8                USBH_Disconnect
 .text.USBH_Init
                0x080062ec       0x74 ..\obj\usbh_core.o
                0x080062ec                USBH_Init
 .text.USBH_HandleControl
                0x08006360      0x1d4 ..\obj\usbh_core.o
                0x08006360                USBH_HandleControl
 .text.USBH_Process
                0x08006534      0x3d8 ..\obj\usbh_core.o
                0x08006534                USBH_Process
 .text.GPIO_Init
                0x0800690c       0xb4 ..\obj\stm32f4xx_gpio.o
                0x0800690c                GPIO_Init
 .text.GPIO_SetBits
                0x080069c0        0x4 ..\obj\stm32f4xx_gpio.o
                0x080069c0                GPIO_SetBits
 .text.GPIO_ResetBits
                0x080069c4        0x4 ..\obj\stm32f4xx_gpio.o
                0x080069c4                GPIO_ResetBits
 .text.GPIO_PinAFConfig
                0x080069c8       0x28 ..\obj\stm32f4xx_gpio.o
                0x080069c8                GPIO_PinAFConfig
 .text.USBH_MSC_TestUnitReady
                0x080069f0       0x70 ..\obj\usbh_msc_scsi.o
                0x080069f0                USBH_MSC_TestUnitReady
 .text.USBH_MSC_ReadCapacity10
                0x08006a60       0xb8 ..\obj\usbh_msc_scsi.o
                0x08006a60                USBH_MSC_ReadCapacity10
 .text.USBH_MSC_ModeSense6
                0x08006b18       0xa4 ..\obj\usbh_msc_scsi.o
                0x08006b18                USBH_MSC_ModeSense6
 .text.USBH_MSC_RequestSense
                0x08006bbc       0xb0 ..\obj\usbh_msc_scsi.o
                0x08006bbc                USBH_MSC_RequestSense
 .text.USBH_MSC_Write10
                0x08006c6c       0xa8 ..\obj\usbh_msc_scsi.o
                0x08006c6c                USBH_MSC_Write10
 .text.USBH_MSC_Read10
                0x08006d14       0xd8 ..\obj\usbh_msc_scsi.o
                0x08006d14                USBH_MSC_Read10
 .text.SystemInit
                0x08006dec      0x100 ..\obj\system_stm32f4xx.o
                0x08006dec                SystemInit
 .text._sbrk_r  0x08006eec       0x24 ..\obj\syscalls.o
                0x08006eec                _sbrk_r
 .text.USBH_USR_Init
                0x08006f10        0x4 ..\obj\usbh_usr.o
                0x08006f10                USBH_USR_Init
 .text.USBH_USR_UnrecoveredError
                0x08006f14        0x4 ..\obj\usbh_usr.o
                0x08006f14                USBH_USR_UnrecoveredError
 .text.USBH_USR_ResetDevice
                0x08006f18        0x4 ..\obj\usbh_usr.o
                0x08006f18                USBH_USR_ResetDevice
 .text.USBH_USR_DeviceSpeedDetected
                0x08006f1c        0x4 ..\obj\usbh_usr.o
                0x08006f1c                USBH_USR_DeviceSpeedDetected
 .text.USBH_USR_Device_DescAvailable
                0x08006f20        0x4 ..\obj\usbh_usr.o
                0x08006f20                USBH_USR_Device_DescAvailable
 .text.USBH_USR_DeviceAddressAssigned
                0x08006f24        0x4 ..\obj\usbh_usr.o
                0x08006f24                USBH_USR_DeviceAddressAssigned
 .text.USBH_USR_Configuration_DescAvailable
                0x08006f28        0x4 ..\obj\usbh_usr.o
                0x08006f28                USBH_USR_Configuration_DescAvailable
 .text.USBH_USR_Manufacturer_String
                0x08006f2c        0x4 ..\obj\usbh_usr.o
                0x08006f2c                USBH_USR_Manufacturer_String
 .text.USBH_USR_Product_String
                0x08006f30        0x4 ..\obj\usbh_usr.o
                0x08006f30                USBH_USR_Product_String
 .text.USBH_USR_SerialNum_String
                0x08006f34        0x4 ..\obj\usbh_usr.o
                0x08006f34                USBH_USR_SerialNum_String
 .text.USBH_USR_DeviceNotSupported
                0x08006f38        0x4 ..\obj\usbh_usr.o
                0x08006f38                USBH_USR_DeviceNotSupported
 .text.USBH_USR_UserInput
                0x08006f3c        0x4 ..\obj\usbh_usr.o
                0x08006f3c                USBH_USR_UserInput
 .text.USBH_USR_OverCurrentDetected
                0x08006f40        0x4 ..\obj\usbh_usr.o
                0x08006f40                USBH_USR_OverCurrentDetected
 .text.USBH_USR_DeInit
                0x08006f44        0x4 ..\obj\usbh_usr.o
                0x08006f44                USBH_USR_DeInit
 .text.USBH_USR_DeviceAttached
                0x08006f48       0x10 ..\obj\usbh_usr.o
                0x08006f48                USBH_USR_DeviceAttached
 .text.USBH_USR_DeviceDisconnected
                0x08006f58       0x28 ..\obj\usbh_usr.o
                0x08006f58                USBH_USR_DeviceDisconnected
 .text.USBH_USR_MSC_Application
                0x08006f80       0x38 ..\obj\usbh_usr.o
                0x08006f80                USBH_USR_MSC_Application
 .text.USBH_USR_EnumerationDone
                0x08006fb8       0x38 ..\obj\usbh_usr.o
                0x08006fb8                USBH_USR_EnumerationDone
 .text.ff_convert
                0x08006ff0       0x48 ..\obj\ccsbcs.o
                0x08006ff0                ff_convert
 .text.ff_wtoupper
                0x08007038       0x30 ..\obj\ccsbcs.o
                0x08007038                ff_wtoupper
 .text.USB_OTG_BSP_Init
                0x08007068       0xc4 ..\obj\usb_bsp.o
                0x08007068                USB_OTG_BSP_Init
 .text.USB_OTG_BSP_EnableInterrupt
                0x0800712c       0x44 ..\obj\usb_bsp.o
                0x0800712c                USB_OTG_BSP_EnableInterrupt
 .text.USB_OTG_BSP_DriveVBUS
                0x08007170       0x14 ..\obj\usb_bsp.o
                0x08007170                USB_OTG_BSP_DriveVBUS
 .text.USB_OTG_BSP_ConfigVBUS
                0x08007184       0xb4 ..\obj\usb_bsp.o
                0x08007184                USB_OTG_BSP_ConfigVBUS
 .text.USB_OTG_BSP_uDelay
                0x08007238       0x80 ..\obj\usb_bsp.o
                0x08007238                USB_OTG_BSP_uDelay
 .text.USB_OTG_BSP_mDelay
                0x080072b8       0x80 ..\obj\usb_bsp.o
                0x080072b8                USB_OTG_BSP_mDelay
 .text.USB_OTG_BSP_TimerIRQ
                0x08007338       0x38 ..\obj\usb_bsp.o
                0x08007338                USB_OTG_BSP_TimerIRQ
 .text.xmp3fixpt_MidSideProc
                0x08007370       0x64 ..\obj\stproc.o
                0x08007370                xmp3fixpt_MidSideProc
 .text.xmp3fixpt_IntensityProcMPEG1
                0x080073d4      0x330 ..\obj\stproc.o
                0x080073d4                xmp3fixpt_IntensityProcMPEG1
 .text.xmp3fixpt_IntensityProcMPEG2
                0x08007704      0x2b0 ..\obj\stproc.o
                0x08007704                xmp3fixpt_IntensityProcMPEG2
 .text.xmp3fixpt_DecodeHuffman
                0x080079b4      0x7b0 ..\obj\huffman.o
                0x080079b4                xmp3fixpt_DecodeHuffman
 .text.xmp3fixpt_AllocateBuffers
                0x08008164       0xcc ..\obj\buffers.o
                0x08008164                xmp3fixpt_AllocateBuffers
 .text.unlikely.move_window
                0x08008230       0x78 ..\obj\ff.o
 .text.get_fileinfo
                0x080082a8      0x2bc ..\obj\ff.o
 .text.check_fs
                0x08008564       0x84 ..\obj\ff.o
 .text.sync     0x080085e8      0x10c ..\obj\ff.o
 .text.put_fat.part.4
                0x080086f4      0x30c ..\obj\ff.o
 .text.remove_chain.part.5
                0x08008a00      0x31c ..\obj\ff.o
 .text.get_fat.part.3
                0x08008d1c      0x2c4 ..\obj\ff.o
 .text.create_chain
                0x08008fe0      0x3bc ..\obj\ff.o
 .text.dir_seek
                0x0800939c       0xc8 ..\obj\ff.o
 .text.dir_next
                0x08009464      0x144 ..\obj\ff.o
 .text.f_read.part.7
                0x080095a8      0x2d4 ..\obj\ff.o
 .text.dir_read
                0x0800987c      0x2c4 ..\obj\ff.o
 .text.dir_find.part.6
                0x08009b40      0x34c ..\obj\ff.o
 .text.follow_path
                0x08009e8c      0x2e8 ..\obj\ff.o
 .text.dir_register
                0x0800a174      0x720 ..\obj\ff.o
 .text.f_mount  0x0800a894       0x20 ..\obj\ff.o
                0x0800a894                f_mount
 .text.f_open   0x0800a8b4      0x4cc ..\obj\ff.o
                0x0800a8b4                f_open
 .text.f_read   0x0800ad80       0x5c ..\obj\ff.o
                0x0800ad80                f_read
 .text.f_close  0x0800addc      0x130 ..\obj\ff.o
                0x0800addc                f_close
 .text.f_lseek  0x0800af0c      0x1b4 ..\obj\ff.o
                0x0800af0c                f_lseek
 .text.f_opendir
                0x0800b0c0      0x310 ..\obj\ff.o
                0x0800b0c0                f_opendir
 .text.f_readdir
                0x0800b3d0       0x74 ..\obj\ff.o
                0x0800b3d0                f_readdir
 .text.HCD_Init
                0x0800b444       0xec ..\obj\usb_hcd.o
                0x0800b444                HCD_Init
 .text.HCD_GetCurrentSpeed
                0x0800b530        0xc ..\obj\usb_hcd.o
                0x0800b530                HCD_GetCurrentSpeed
 .text.HCD_ResetPort
                0x0800b53c        0xc ..\obj\usb_hcd.o
                0x0800b53c                HCD_ResetPort
 .text.HCD_IsDeviceConnected
                0x0800b548        0x8 ..\obj\usb_hcd.o
                0x0800b548                HCD_IsDeviceConnected
 .text.HCD_GetCurrentFrame
                0x0800b550        0x8 ..\obj\usb_hcd.o
                0x0800b550                HCD_GetCurrentFrame
 .text.HCD_GetURB_State
                0x0800b558        0x8 ..\obj\usb_hcd.o
                0x0800b558                HCD_GetURB_State
 .text.HCD_GetXferCnt
                0x0800b560        0x8 ..\obj\usb_hcd.o
                0x0800b560                HCD_GetXferCnt
 .text.HCD_SubmitRequest
                0x0800b568       0x1c ..\obj\usb_hcd.o
                0x0800b568                HCD_SubmitRequest
 .text.USBH_MSC_Init
                0x0800b584       0x40 ..\obj\usbh_msc_bot.o
                0x0800b584                USBH_MSC_Init
 .text.USBH_MSC_HandleBOTXfer
                0x0800b5c4      0x2e4 ..\obj\usbh_msc_bot.o
                0x0800b5c4                USBH_MSC_HandleBOTXfer
 .text.disk_initialize
                0x0800b8a8       0x20 ..\obj\usbh_msc_fatfs.o
                0x0800b8a8                disk_initialize
 .text.disk_status
                0x0800b8c8       0x14 ..\obj\usbh_msc_fatfs.o
                0x0800b8c8                disk_status
 .text.disk_read
                0x0800b8dc       0x68 ..\obj\usbh_msc_fatfs.o
                0x0800b8dc                disk_read
 .text.disk_write
                0x0800b944       0x70 ..\obj\usbh_msc_fatfs.o
                0x0800b944                disk_write
 .text.disk_ioctl
                0x0800b9b4       0x48 ..\obj\usbh_msc_fatfs.o
                0x0800b9b4                disk_ioctl
 .text.xmp3fixpt_FDCT32
                0x0800b9fc      0xa80 ..\obj\dct32.o
                0x0800b9fc                xmp3fixpt_FDCT32
 .text.EXTI_ClearITPendingBit
                0x0800c47c        0xc ..\obj\stm32f4xx_exti.o
                0x0800c47c                EXTI_ClearITPendingBit
 .text.USBH_CtlReq
                0x0800c488       0x54 ..\obj\usbh_ioreq.o
                0x0800c488                USBH_CtlReq
 .text.USBH_CtlSendSetup
                0x0800c4dc       0x28 ..\obj\usbh_ioreq.o
                0x0800c4dc                USBH_CtlSendSetup
 .text.USBH_CtlSendData
                0x0800c504       0x4c ..\obj\usbh_ioreq.o
                0x0800c504                USBH_CtlSendData
 .text.USBH_CtlReceiveData
                0x0800c550       0x28 ..\obj\usbh_ioreq.o
                0x0800c550                USBH_CtlReceiveData
 .text.USBH_BulkSendData
                0x0800c578       0x30 ..\obj\usbh_ioreq.o
                0x0800c578                USBH_BulkSendData
 .text.USBH_BulkReceiveData
                0x0800c5a8       0x30 ..\obj\usbh_ioreq.o
                0x0800c5a8                USBH_BulkReceiveData
 .text.NVIC_PriorityGroupConfig
                0x0800c5d8       0x14 ..\obj\misc.o
                0x0800c5d8                NVIC_PriorityGroupConfig
 .text.NVIC_Init
                0x0800c5ec       0x70 ..\obj\misc.o
                0x0800c5ec                NVIC_Init
 .text.NVIC_SetVectorTable
                0x0800c65c       0x14 ..\obj\misc.o
                0x0800c65c                NVIC_SetVectorTable
 .text.InitializeAudio
                0x0800c670      0x5e0 ..\obj\Audio.o
                0x0800c670                InitializeAudio
 .text.SetAudioVolume
                0x0800cc50       0xa0 ..\obj\Audio.o
                0x0800cc50                SetAudioVolume
 .text.PlayAudioWithCallback
                0x0800ccf0       0x5c ..\obj\Audio.o
                0x0800ccf0                PlayAudioWithCallback
 .text.StopAudio
                0x0800cd4c       0x48 ..\obj\Audio.o
                0x0800cd4c                StopAudio
 .text.ProvideAudioBuffer
                0x0800cd94       0x88 ..\obj\Audio.o
                0x0800cd94                ProvideAudioBuffer
 .text.DMA1_Stream7_IRQHandler
                0x0800ce1c       0x70 ..\obj\Audio.o
                0x0800ce1c                DMA1_Stream7_IRQHandler
 .text.xmp3fixpt_PolyphaseMono
                0x0800ce8c      0x2e8 ..\obj\polyphase.o
                0x0800ce8c                xmp3fixpt_PolyphaseMono
 .text.xmp3fixpt_PolyphaseStereo
                0x0800d174      0x570 ..\obj\polyphase.o
                0x0800d174                xmp3fixpt_PolyphaseStereo
 .text.get_fattime
                0x0800d6e4        0x4 ..\obj\fattime.o
                0x0800d6e4                get_fattime
 .text.TIM_TimeBaseInit
                0x0800d6e8       0x98 ..\obj\stm32f4xx_tim.o
                0x0800d6e8                TIM_TimeBaseInit
 .text.TIM_ARRPreloadConfig
                0x0800d780       0x1c ..\obj\stm32f4xx_tim.o
                0x0800d780                TIM_ARRPreloadConfig
 .text.TIM_Cmd  0x0800d79c       0x1c ..\obj\stm32f4xx_tim.o
                0x0800d79c                TIM_Cmd
 .text.TIM_ITConfig
                0x0800d7b8       0x14 ..\obj\stm32f4xx_tim.o
                0x0800d7b8                TIM_ITConfig
 .text.TIM_GetITStatus
                0x0800d7cc       0x18 ..\obj\stm32f4xx_tim.o
                0x0800d7cc                TIM_GetITStatus
 .text.TIM_ClearITPendingBit
                0x0800d7e4        0x8 ..\obj\stm32f4xx_tim.o
                0x0800d7e4                TIM_ClearITPendingBit
 .text.USB_OTG_USBH_handle_sof_ISR
                0x0800d7ec       0x2c ..\obj\usb_hcd_int.o
 .text.USB_OTG_USBH_handle_Disconnect_ISR
                0x0800d818       0x3c ..\obj\usb_hcd_int.o
 .text.USB_OTG_USBH_handle_nptxfempty_ISR
                0x0800d854      0x18c ..\obj\usb_hcd_int.o
 .text.USB_OTG_USBH_handle_ptxfempty_ISR
                0x0800d9e0      0x18c ..\obj\usb_hcd_int.o
 .text.USB_OTG_USBH_handle_port_ISR
                0x0800db6c      0x164 ..\obj\usb_hcd_int.o
 .text.USB_OTG_USBH_handle_hc_n_Out_ISR
                0x0800dcd0      0x4ec ..\obj\usb_hcd_int.o
 .text.USB_OTG_USBH_handle_hc_n_In_ISR
                0x0800e1bc      0x5a8 ..\obj\usb_hcd_int.o
 .text.USB_OTG_USBH_handle_hc_ISR
                0x0800e764       0x8c ..\obj\usb_hcd_int.o
 .text.USB_OTG_USBH_handle_rx_qlvl_ISR
                0x0800e7f0      0x19c ..\obj\usb_hcd_int.o
 .text.USB_OTG_USBH_handle_IncompletePeriodicXfer_ISR
                0x0800e98c       0x50 ..\obj\usb_hcd_int.o
 .text.USBH_OTG_ISR_Handler
                0x0800e9dc      0x10c ..\obj\usb_hcd_int.o
                0x0800e9dc                USBH_OTG_ISR_Handler
 .text.__libc_init_array
                0x0800eae8       0x50 c:/program files (x86)/gnu tools arm embedded/4.9 2014q4/bin/../lib/gcc/arm-none-eabi/4.9.3/../../../../arm-none-eabi/lib/armv7e-m/fpu\libg.a(lib_a-init.o)
                0x0800eae8                __libc_init_array
 .text.memmove  0x0800eb38       0xc8 c:/program files (x86)/gnu tools arm embedded/4.9 2014q4/bin/../lib/gcc/arm-none-eabi/4.9.3/../../../../arm-none-eabi/lib/armv7e-m/fpu\libg.a(lib_a-memmove.o)
                0x0800eb38                memmove
 .text.memset   0x0800ec00       0x9c c:/program files (x86)/gnu tools arm embedded/4.9 2014q4/bin/../lib/gcc/arm-none-eabi/4.9.3/../../../../arm-none-eabi/lib/armv7e-m/fpu\libg.a(lib_a-memset.o)
                0x0800ec00                memset
 .text.sprintf  0x0800ec9c       0x4c c:/program files (x86)/gnu tools arm embedded/4.9 2014q4/bin/../lib/gcc/arm-none-eabi/4.9.3/../../../../arm-none-eabi/lib/armv7e-m/fpu\libg.a(lib_a-sprintf.o)
                0x0800ec9c                sprintf
 .text.strncmp  0x0800ece8       0x98 c:/program files (x86)/gnu tools arm embedded/4.9 2014q4/bin/../lib/gcc/arm-none-eabi/4.9.3/../../../../arm-none-eabi/lib/armv7e-m/fpu\libg.a(lib_a-strncmp.o)
                0x0800ece8                strncmp
 .text.strrchr  0x0800ed80       0x24 c:/program files (x86)/gnu tools arm embedded/4.9 2014q4/bin/../lib/gcc/arm-none-eabi/4.9.3/../../../../arm-none-eabi/lib/armv7e-m/fpu\libg.a(lib_a-strrchr.o)
                0x0800ed80                strrchr
 *fill*         0x0800eda4        0x4 
 .text._svfprintf_r
                0x0800eda8     0x14d0 c:/program files (x86)/gnu tools arm embedded/4.9 2014q4/bin/../lib/gcc/arm-none-eabi/4.9.3/../../../../arm-none-eabi/lib/armv7e-m/fpu\libg.a(lib_a-svfprintf.o)
                0x0800eda8                _svfprintf_r
 .text.quorem   0x08010278      0x12c c:/program files (x86)/gnu tools arm embedded/4.9 2014q4/bin/../lib/gcc/arm-none-eabi/4.9.3/../../../../arm-none-eabi/lib/armv7e-m/fpu\libg.a(lib_a-dtoa.o)
 *fill*         0x080103a4        0x4 
 .text._dtoa_r  0x080103a8      0xea8 c:/program files (x86)/gnu tools arm embedded/4.9 2014q4/bin/../lib/gcc/arm-none-eabi/4.9.3/../../../../arm-none-eabi/lib/armv7e-m/fpu\libg.a(lib_a-dtoa.o)
                0x080103a8                _dtoa_r
 .text._localeconv_r
                0x08011250        0x8 c:/program files (x86)/gnu tools arm embedded/4.9 2014q4/bin/../lib/gcc/arm-none-eabi/4.9.3/../../../../arm-none-eabi/lib/armv7e-m/fpu\libg.a(lib_a-locale.o)
                0x08011250                _localeconv_r
 .text._malloc_r
                0x08011258      0x51c c:/program files (x86)/gnu tools arm embedded/4.9 2014q4/bin/../lib/gcc/arm-none-eabi/4.9.3/../../../../arm-none-eabi/lib/armv7e-m/fpu\libg.a(lib_a-mallocr.o)
                0x08011258                _malloc_r
 .text.memchr   0x08011774       0x94 c:/program files (x86)/gnu tools arm embedded/4.9 2014q4/bin/../lib/gcc/arm-none-eabi/4.9.3/../../../../arm-none-eabi/lib/armv7e-m/fpu\libg.a(lib_a-memchr.o)
                0x08011774                memchr
 .text.__malloc_lock
                0x08011808        0x4 c:/program files (x86)/gnu tools arm embedded/4.9 2014q4/bin/../lib/gcc/arm-none-eabi/4.9.3/../../../../arm-none-eabi/lib/armv7e-m/fpu\libg.a(lib_a-mlock.o)
                0x08011808                __malloc_lock
 .text.__malloc_unlock
                0x0801180c        0x4 c:/program files (x86)/gnu tools arm embedded/4.9 2014q4/bin/../lib/gcc/arm-none-eabi/4.9.3/../../../../arm-none-eabi/lib/armv7e-m/fpu\libg.a(lib_a-mlock.o)
                0x0801180c                __malloc_unlock
 .text._Balloc  0x08011810       0x4c c:/program files (x86)/gnu tools arm embedded/4.9 2014q4/bin/../lib/gcc/arm-none-eabi/4.9.3/../../../../arm-none-eabi/lib/armv7e-m/fpu\libg.a(lib_a-mprec.o)
                0x08011810                _Balloc
 .text._Bfree   0x0801185c       0x14 c:/program files (x86)/gnu tools arm embedded/4.9 2014q4/bin/../lib/gcc/arm-none-eabi/4.9.3/../../../../arm-none-eabi/lib/armv7e-m/fpu\libg.a(lib_a-mprec.o)
                0x0801185c                _Bfree
 .text.__multadd
                0x08011870       0x84 c:/program files (x86)/gnu tools arm embedded/4.9 2014q4/bin/../lib/gcc/arm-none-eabi/4.9.3/../../../../arm-none-eabi/lib/armv7e-m/fpu\libg.a(lib_a-mprec.o)
                0x08011870                __multadd
 .text.__hi0bits
                0x080118f4       0x40 c:/program files (x86)/gnu tools arm embedded/4.9 2014q4/bin/../lib/gcc/arm-none-eabi/4.9.3/../../../../arm-none-eabi/lib/armv7e-m/fpu\libg.a(lib_a-mprec.o)
                0x080118f4                __hi0bits
 .text.__lo0bits
                0x08011934       0x5c c:/program files (x86)/gnu tools arm embedded/4.9 2014q4/bin/../lib/gcc/arm-none-eabi/4.9.3/../../../../arm-none-eabi/lib/armv7e-m/fpu\libg.a(lib_a-mprec.o)
                0x08011934                __lo0bits
 .text.__i2b    0x08011990       0x14 c:/program files (x86)/gnu tools arm embedded/4.9 2014q4/bin/../lib/gcc/arm-none-eabi/4.9.3/../../../../arm-none-eabi/lib/armv7e-m/fpu\libg.a(lib_a-mprec.o)
                0x08011990                __i2b
 .text.__multiply
                0x080119a4      0x134 c:/program files (x86)/gnu tools arm embedded/4.9 2014q4/bin/../lib/gcc/arm-none-eabi/4.9.3/../../../../arm-none-eabi/lib/armv7e-m/fpu\libg.a(lib_a-mprec.o)
                0x080119a4                __multiply
 .text.__pow5mult
                0x08011ad8       0xa0 c:/program files (x86)/gnu tools arm embedded/4.9 2014q4/bin/../lib/gcc/arm-none-eabi/4.9.3/../../../../arm-none-eabi/lib/armv7e-m/fpu\libg.a(lib_a-mprec.o)
                0x08011ad8                __pow5mult
 .text.__lshift
                0x08011b78       0xac c:/program files (x86)/gnu tools arm embedded/4.9 2014q4/bin/../lib/gcc/arm-none-eabi/4.9.3/../../../../arm-none-eabi/lib/armv7e-m/fpu\libg.a(lib_a-mprec.o)
                0x08011b78                __lshift
 .text.__mcmp   0x08011c24       0x48 c:/program files (x86)/gnu tools arm embedded/4.9 2014q4/bin/../lib/gcc/arm-none-eabi/4.9.3/../../../../arm-none-eabi/lib/armv7e-m/fpu\libg.a(lib_a-mprec.o)
                0x08011c24                __mcmp
 .text.__mdiff  0x08011c6c       0xd4 c:/program files (x86)/gnu tools arm embedded/4.9 2014q4/bin/../lib/gcc/arm-none-eabi/4.9.3/../../../../arm-none-eabi/lib/armv7e-m/fpu\libg.a(lib_a-mprec.o)
                0x08011c6c                __mdiff
 .text.__d2b    0x08011d40       0xbc c:/program files (x86)/gnu tools arm embedded/4.9 2014q4/bin/../lib/gcc/arm-none-eabi/4.9.3/../../../../arm-none-eabi/lib/armv7e-m/fpu\libg.a(lib_a-mprec.o)
                0x08011d40                __d2b
 .text.__fpclassifyd
                0x08011dfc       0x5c c:/program files (x86)/gnu tools arm embedded/4.9 2014q4/bin/../lib/gcc/arm-none-eabi/4.9.3/../../../../arm-none-eabi/lib/armv7e-m/fpu\libg.a(lib_a-s_fpclassify.o)
                0x08011dfc                __fpclassifyd
 .text.strchr   0x08011e58       0xcc c:/program files (x86)/gnu tools arm embedded/4.9 2014q4/bin/../lib/gcc/arm-none-eabi/4.9.3/../../../../arm-none-eabi/lib/armv7e-m/fpu\libg.a(lib_a-strchr.o)
                0x08011e58                strchr
 .text.strlen   0x08011f24       0x5c c:/program files (x86)/gnu tools arm embedded/4.9 2014q4/bin/../lib/gcc/arm-none-eabi/4.9.3/../../../../arm-none-eabi/lib/armv7e-m/fpu\libg.a(lib_a-strlen.o)
                0x08011f24                strlen
 .text.__ssprint_r
                0x08011f80      0x104 c:/program files (x86)/gnu tools arm embedded/4.9 2014q4/bin/../lib/gcc/arm-none-eabi/4.9.3/../../../../arm-none-eabi/lib/armv7e-m/fpu\libg.a(lib_a-svfiprintf.o)
                0x08011f80                __ssprint_r
 .text._calloc_r
                0x08012084       0x60 c:/program files (x86)/gnu tools arm embedded/4.9 2014q4/bin/../lib/gcc/arm-none-eabi/4.9.3/../../../../arm-none-eabi/lib/armv7e-m/fpu\libg.a(lib_a-callocr.o)
                0x08012084                _calloc_r
 .text._malloc_trim_r
                0x080120e4       0x9c c:/program files (x86)/gnu tools arm embedded/4.9 2014q4/bin/../lib/gcc/arm-none-eabi/4.9.3/../../../../arm-none-eabi/lib/armv7e-m/fpu\libg.a(lib_a-freer.o)
                0x080120e4                _malloc_trim_r
 .text._free_r  0x08012180      0x1b0 c:/program files (x86)/gnu tools arm embedded/4.9 2014q4/bin/../lib/gcc/arm-none-eabi/4.9.3/../../../../arm-none-eabi/lib/armv7e-m/fpu\libg.a(lib_a-freer.o)
                0x08012180                _free_r
 .text._realloc_r
                0x08012330      0x3ec c:/program files (x86)/gnu tools arm embedded/4.9 2014q4/bin/../lib/gcc/arm-none-eabi/4.9.3/../../../../arm-none-eabi/lib/armv7e-m/fpu\libg.a(lib_a-reallocr.o)
                0x08012330                _realloc_r
 *(.rodata)
 .rodata        0x0801271c      0x250 ..\obj\dqchan.o
 .rodata        0x0801296c       0x68 ..\obj\scalfact.o
 .rodata        0x080129d4     0x2304 ..\obj\hufftabs.o
                0x080129d4                xmp3fixpt_quadTabMaxBits
                0x080129dc                xmp3fixpt_quadTabOffset
                0x080129e4                xmp3fixpt_quadTable
                0x08012a34                xmp3fixpt_huffTabLookup
                0x08012b34                xmp3fixpt_huffTabOffset
                0x08012bb4                xmp3fixpt_huffTable
 .rodata        0x08014cd8       0x6c ..\obj\imdct.o
 .rodata        0x08014d44      0x508 ..\obj\mp3tabs.o
                0x08014d44                xmp3fixpt_sfBandTable
                0x08014fe0                xmp3fixpt_slotTab
                0x080150f0                xmp3fixpt_sideBytesTab
                0x080150fc                xmp3fixpt_bitsPerSlotTab
                0x08015104                xmp3fixpt_samplesPerFrameTab
                0x08015118                xmp3fixpt_bitrateTab
                0x08015228                xmp3fixpt_samplerateTab
 .rodata        0x0801524c      0x4c0 ..\obj\ccsbcs.o
 .rodata        0x0801570c      0x86c ..\obj\trigtabs_fixpt.o
                0x0801570c                xmp3fixpt_polyCoef
                0x08015b2c                xmp3fixpt_coef32
                0x08015ba8                xmp3fixpt_csa
                0x08015be8                xmp3fixpt_uniqueIDTab
                0x08015bf0                xmp3fixpt_ISFIIP
                0x08015c00                xmp3fixpt_ISFMpeg2
                0x08015d00                xmp3fixpt_ISFMpeg1
                0x08015d38                xmp3fixpt_imdctWin
 .rodata        0x08015f78       0xd4 ..\obj\ff.o
 .rodata        0x0801604c       0xc0 ..\obj\dct32.o
 *(.rodata*)
 .rodata.str1.4
                0x0801610c       0x25 ..\obj\main.o
                                 0x2c (size before relaxing)
 *fill*         0x08016131        0x3 
 .rodata.str1.4
                0x08016134        0x4 ..\obj\usbh_core.o
 .rodata.str1.4
                0x08016138       0x3c ..\obj\ff.o
 .rodata.blanks.6794
                0x08016174       0x10 c:/program files (x86)/gnu tools arm embedded/4.9 2014q4/bin/../lib/gcc/arm-none-eabi/4.9.3/../../../../arm-none-eabi/lib/armv7e-m/fpu\libg.a(lib_a-svfprintf.o)
 .rodata.str1.4
                0x08016184       0x42 c:/program files (x86)/gnu tools arm embedded/4.9 2014q4/bin/../lib/gcc/arm-none-eabi/4.9.3/../../../../arm-none-eabi/lib/armv7e-m/fpu\libg.a(lib_a-svfprintf.o)
                                 0x44 (size before relaxing)
 *fill*         0x080161c6        0x2 
 .rodata.zeroes.6795
                0x080161c8       0x10 c:/program files (x86)/gnu tools arm embedded/4.9 2014q4/bin/../lib/gcc/arm-none-eabi/4.9.3/../../../../arm-none-eabi/lib/armv7e-m/fpu\libg.a(lib_a-svfprintf.o)
 .rodata.str1.4
                0x080161d8       0x10 c:/program files (x86)/gnu tools arm embedded/4.9 2014q4/bin/../lib/gcc/arm-none-eabi/4.9.3/../../../../arm-none-eabi/lib/armv7e-m/fpu\libg.a(lib_a-dtoa.o)
                                 0x14 (size before relaxing)
 .rodata.str1.4
                0x080161e8        0x2 c:/program files (x86)/gnu tools arm embedded/4.9 2014q4/bin/../lib/gcc/arm-none-eabi/4.9.3/../../../../arm-none-eabi/lib/armv7e-m/fpu\libg.a(lib_a-impure.o)
                                  0x4 (size before relaxing)
 *fill*         0x080161ea        0x2 
 .rodata.str1.4
                0x080161ec        0xc c:/program files (x86)/gnu tools arm embedded/4.9 2014q4/bin/../lib/gcc/arm-none-eabi/4.9.3/../../../../arm-none-eabi/lib/armv7e-m/fpu\libg.a(lib_a-locale.o)
                                 0x14 (size before relaxing)
 .rodata.__mprec_tens
                0x080161f8       0xc8 c:/program files (x86)/gnu tools arm embedded/4.9 2014q4/bin/../lib/gcc/arm-none-eabi/4.9.3/../../../../arm-none-eabi/lib/armv7e-m/fpu\libg.a(lib_a-mprec.o)
                0x080161f8                __mprec_tens
 .rodata.__mprec_bigtens
                0x080162c0       0x28 c:/program files (x86)/gnu tools arm embedded/4.9 2014q4/bin/../lib/gcc/arm-none-eabi/4.9.3/../../../../arm-none-eabi/lib/armv7e-m/fpu\libg.a(lib_a-mprec.o)
                0x080162c0                __mprec_bigtens
 .rodata.p05.5265
                0x080162e8        0xc c:/program files (x86)/gnu tools arm embedded/4.9 2014q4/bin/../lib/gcc/arm-none-eabi/4.9.3/../../../../arm-none-eabi/lib/armv7e-m/fpu\libg.a(lib_a-mprec.o)
 *(.glue_7)
 .glue_7        0x00000000        0x0 linker stubs
 *(.glue_7t)
 .glue_7t       0x00000000        0x0 linker stubs
 *(.eh_frame)
 *(.init)
 *(.fini)
                0x080162f4                . = ALIGN (0x4)
                0x080162f4                _etext = .
                0x080162f4                _exit = .

.vfp11_veneer   0x080162f4        0x0
 .vfp11_veneer  0x00000000        0x0 linker stubs

.v4_bx          0x080162f4        0x0
 .v4_bx         0x00000000        0x0 linker stubs

.iplt           0x080162f4        0x0
 .iplt          0x00000000        0x0 ..\obj\stm32f4xx_syscfg.o

.ARM.extab
 *(.ARM.extab* .gnu.linkonce.armextab.*)

.ARM            0x080162f4        0x8
                0x080162f4                __exidx_start = .
 *(.ARM.exidx*)
 .ARM.exidx     0x080162f4        0x8 c:/program files (x86)/gnu tools arm embedded/4.9 2014q4/bin/../lib/gcc/arm-none-eabi/4.9.3/armv7e-m/fpu\libgcc.a(_divdi3.o)
 .ARM.exidx     0x080162fc        0x0 c:/program files (x86)/gnu tools arm embedded/4.9 2014q4/bin/../lib/gcc/arm-none-eabi/4.9.3/armv7e-m/fpu\libgcc.a(_udivdi3.o)
                                  0x8 (size before relaxing)
                0x080162fc                __exidx_end = .

.rel.dyn        0x080162fc        0x0
 .rel.iplt      0x00000000        0x0 ..\obj\stm32f4xx_syscfg.o

.preinit_array  0x080162fc        0x0
                0x080162fc                PROVIDE (__preinit_array_start, .)
 *(.preinit_array*)
                0x080162fc                PROVIDE (__preinit_array_end, .)

.init_array     0x080162fc        0x0
                0x080162fc                PROVIDE (__init_array_start, .)
 *(SORT(.init_array.*))
 *(.init_array*)
                0x080162fc                PROVIDE (__init_array_end, .)

.fini_array     0x080162fc        0x0
                0x080162fc                PROVIDE (__fini_array_start, .)
 *(.fini_array*)
 *(SORT(.fini_array.*))
                0x080162fc                PROVIDE (__fini_array_end, .)
                0x080162fc                _sidata = .

.data           0x20000000      0x8f4 load address 0x080162fc
                0x20000000                . = ALIGN (0x4)
                0x20000000                _sdata = .
 *(.data)
 .data          0x20000000       0x10 ..\obj\stm32f4xx_rcc.o
 .data          0x20000010       0x10 ..\obj\usbh_msc_core.o
                0x20000010                USBH_MSC_cb
 .data          0x20000020        0xc ..\obj\usbh_core.o
                0x20000020                USBH_DeviceConnStatus_cb
 .data          0x2000002c        0x1 ..\obj\usbh_msc_scsi.o
 *fill*         0x2000002d        0x3 
 .data          0x20000030       0x48 ..\obj\usbh_usr.o
                0x20000030                USR_Callbacks
 .data          0x20000078        0x1 ..\obj\usbh_msc_fatfs.o
 *(.data*)
 *fill*         0x20000079        0x7 
 .data.impure_data
                0x20000080      0x428 c:/program files (x86)/gnu tools arm embedded/4.9 2014q4/bin/../lib/gcc/arm-none-eabi/4.9.3/../../../../arm-none-eabi/lib/armv7e-m/fpu\libg.a(lib_a-impure.o)
 .data._impure_ptr
                0x200004a8        0x4 c:/program files (x86)/gnu tools arm embedded/4.9 2014q4/bin/../lib/gcc/arm-none-eabi/4.9.3/../../../../arm-none-eabi/lib/armv7e-m/fpu\libg.a(lib_a-impure.o)
                0x200004a8                _impure_ptr
 .data.lconv    0x200004ac       0x38 c:/program files (x86)/gnu tools arm embedded/4.9 2014q4/bin/../lib/gcc/arm-none-eabi/4.9.3/../../../../arm-none-eabi/lib/armv7e-m/fpu\libg.a(lib_a-locale.o)
 .data.__malloc_av_
                0x200004e4      0x408 c:/program files (x86)/gnu tools arm embedded/4.9 2014q4/bin/../lib/gcc/arm-none-eabi/4.9.3/../../../../arm-none-eabi/lib/armv7e-m/fpu\libg.a(lib_a-mallocr.o)
                0x200004e4                __malloc_av_
 .data.__malloc_trim_threshold
                0x200008ec        0x4 c:/program files (x86)/gnu tools arm embedded/4.9 2014q4/bin/../lib/gcc/arm-none-eabi/4.9.3/../../../../arm-none-eabi/lib/armv7e-m/fpu\libg.a(lib_a-mallocr.o)
                0x200008ec                __malloc_trim_threshold
 .data.__malloc_sbrk_base
                0x200008f0        0x4 c:/program files (x86)/gnu tools arm embedded/4.9 2014q4/bin/../lib/gcc/arm-none-eabi/4.9.3/../../../../arm-none-eabi/lib/armv7e-m/fpu\libg.a(lib_a-mallocr.o)
                0x200008f0                __malloc_sbrk_base
                0x200008f4                . = ALIGN (0x4)
                0x200008f4                _edata = .

.igot.plt       0x200008f4        0x0 load address 0x08016bf0
 .igot.plt      0x00000000        0x0 ..\obj\stm32f4xx_syscfg.o
                0x200008f4                . = ALIGN (0x4)

.bss            0x200008f4     0xd750 load address 0x08016bf0
                0x200008f4                _sbss = .
                0x200008f4                __bss_start__ = _sbss
 *(.bss)
 .bss           0x200008f4     0x4104 ..\obj\main.o
                0x200049f4                enum_done
 .bss           0x200049f8        0x2 ..\obj\usbh_msc_core.o
                0x200049f9                MSCErrorCount
 .bss           0x200049fa        0x2 ..\obj\usbh_core.o
 .bss           0x200049fc        0x4 ..\obj\syscalls.o
 .bss           0x20004a00        0x4 ..\obj\usb_bsp.o
                0x20004a00                BSP_delay
 .bss           0x20004a04     0x5d08 ..\obj\buffers.o
 .bss           0x2000a70c      0x208 ..\obj\ff.o
 .bss           0x2000a914       0x10 ..\obj\usbh_msc_bot.o
 .bss           0x2000a924       0x18 ..\obj\Audio.o
 *(.bss*)
 .bss.__malloc_max_total_mem
                0x2000a93c        0x4 c:/program files (x86)/gnu tools arm embedded/4.9 2014q4/bin/../lib/gcc/arm-none-eabi/4.9.3/../../../../arm-none-eabi/lib/armv7e-m/fpu\libg.a(lib_a-mallocr.o)
                0x2000a93c                __malloc_max_total_mem
 .bss.__malloc_max_sbrked_mem
                0x2000a940        0x4 c:/program files (x86)/gnu tools arm embedded/4.9 2014q4/bin/../lib/gcc/arm-none-eabi/4.9.3/../../../../arm-none-eabi/lib/armv7e-m/fpu\libg.a(lib_a-mallocr.o)
                0x2000a940                __malloc_max_sbrked_mem
 .bss.__malloc_top_pad
                0x2000a944        0x4 c:/program files (x86)/gnu tools arm embedded/4.9 2014q4/bin/../lib/gcc/arm-none-eabi/4.9.3/../../../../arm-none-eabi/lib/armv7e-m/fpu\libg.a(lib_a-mallocr.o)
                0x2000a944                __malloc_top_pad
 .bss.__malloc_current_mallinfo
                0x2000a948       0x28 c:/program files (x86)/gnu tools arm embedded/4.9 2014q4/bin/../lib/gcc/arm-none-eabi/4.9.3/../../../../arm-none-eabi/lib/armv7e-m/fpu\libg.a(lib_a-mallocr.o)
                0x2000a948                __malloc_current_mallinfo
 *(COMMON)
 COMMON         0x2000a970     0x2998 ..\obj\main.o
                0x2000a970                time_var1
                0x2000a974                file
                0x2000ad98                hMP3Decoder
                0x2000ad9c                time_var2
                0x2000ada0                USB_OTG_Core
                0x2000b250                file_read_buffer
                0x2000d250                RCC_Clocks
                0x2000d260                USB_Host
                0x2000d2e4                bytes_left
                0x2000d2e8                read_ptr
                0x2000d2ec                mp3FrameInfo
 COMMON         0x2000d308       0x54 ..\obj\usbh_msc_core.o
                0x2000d308                MSC_Machine
                0x2000d354                MSC_Setup
 COMMON         0x2000d35c      0x410 ..\obj\usbh_msc_scsi.o
                0x2000d35c                USBH_DataInBuffer
                0x2000d55c                USBH_MSC_Param
                0x2000d56c                USBH_DataOutBuffer
 COMMON         0x2000d76c      0x898 ..\obj\usbh_usr.o
                0x2000d76c                fileR
                0x2000db90                fno
                0x2000dbb0                dir
                0x2000dbd4                fatfs
 COMMON         0x2000e004       0x40 ..\obj\usbh_msc_bot.o
                0x2000e004                USBH_MSC_CSWData
                0x2000e014                USBH_MSC_BOTXferParam
                0x2000e024                USBH_MSC_CBWData
                0x2000e044                . = ALIGN (0x4)
                0x2000e044                _ebss = .
                0x2000e044                __bss_end__ = _ebss

._user_heap_stack
                0x2000e044      0x400 load address 0x08024340
                0x2000e044                . = ALIGN (0x4)
                0x2000e044                PROVIDE (end, .)
                0x2000e044                PROVIDE (_end, .)
                0x2000e044                . = (. + _Min_Heap_Size)
                0x2000e444                . = (. + _Min_Stack_Size)
 *fill*         0x2000e044      0x400 
                0x2000e444                . = ALIGN (0x4)
LOAD ..\obj\stm32f4xx_syscfg.o
LOAD ..\obj\usb_core.o
LOAD ..\obj\dqchan.o
LOAD ..\obj\scalfact.o
LOAD ..\obj\stm32f4xx_sdio.o
LOAD ..\obj\bitstream.o
LOAD ..\obj\dequant.o
LOAD ..\obj\hufftabs.o
LOAD ..\obj\stm32f4xx_cryp_aes.o
LOAD ..\obj\stm32f4xx_hash.o
LOAD ..\obj\imdct.o
LOAD ..\obj\stm32f4xx_hash_sha1.o
LOAD ..\obj\usbh_hcs.o
LOAD ..\obj\stm32f4xx_usart.o
LOAD ..\obj\usbh_stdreq.o
LOAD ..\obj\stm32f4xx_pwr.o
LOAD ..\obj\stm32f4xx_can.o
LOAD ..\obj\mp3tabs.o
LOAD ..\obj\stm32f4xx_wwdg.o
LOAD ..\obj\stm32f4xx_hash_md5.o
LOAD ..\obj\stm32f4xx_dac.o
LOAD ..\obj\subband.o
LOAD ..\obj\startup_stm32f4xx.o
LOAD ..\obj\stm32f4xx_crc.o
LOAD ..\obj\stm32f4xx_iwdg.o
LOAD ..\obj\mp3dec.o
LOAD ..\obj\main.o
LOAD ..\obj\stm32f4xx_rcc.o
LOAD ..\obj\stm32f4xx_it.o
LOAD ..\obj\stm32f4xx_adc.o
LOAD ..\obj\usbh_msc_core.o
LOAD ..\obj\stm32f4xx_dcmi.o
LOAD ..\obj\stm32f4xx_cryp_des.o
LOAD ..\obj\stm32f4xx_cryp.o
LOAD ..\obj\stm32f4xx_fsmc.o
LOAD ..\obj\usbh_core.o
LOAD ..\obj\stm32f4xx_gpio.o
LOAD ..\obj\stm32f4xx_flash.o
LOAD ..\obj\usbh_msc_scsi.o
LOAD ..\obj\system_stm32f4xx.o
LOAD ..\obj\syscalls.o
LOAD ..\obj\stm32f4xx_dma.o
LOAD ..\obj\usbh_usr.o
LOAD ..\obj\ccsbcs.o
LOAD ..\obj\usb_bsp.o
LOAD ..\obj\stproc.o
LOAD ..\obj\usb_dcd_int.o
LOAD ..\obj\huffman.o
LOAD ..\obj\trigtabs_fixpt.o
LOAD ..\obj\buffers.o
LOAD ..\obj\ff.o
LOAD ..\obj\usb_hcd.o
LOAD ..\obj\usbh_msc_bot.o
LOAD ..\obj\usbh_msc_fatfs.o
LOAD ..\obj\usb_otg.o
LOAD ..\obj\stm32f4xx_spi.o
LOAD ..\obj\dct32.o
LOAD ..\obj\stm32f4xx_i2c.o
LOAD ..\obj\stm32f4xx_rng.o
LOAD ..\obj\stm32f4xx_exti.o
LOAD ..\obj\usbh_ioreq.o
LOAD ..\obj\misc.o
LOAD ..\obj\usb_dcd.o
LOAD ..\obj\Audio.o
LOAD ..\obj\polyphase.o
LOAD ..\obj\fattime.o
LOAD ..\obj\stm32f4xx_rtc.o
LOAD ..\obj\stm32f4xx_cryp_tdes.o
LOAD ..\obj\stm32f4xx_tim.o
LOAD ..\obj\stm32f4xx_dbgmcu.o
LOAD ..\obj\usb_hcd_int.o
START GROUP
LOAD c:/program files (x86)/gnu tools arm embedded/4.9 2014q4/bin/../lib/gcc/arm-none-eabi/4.9.3/armv7e-m/fpu\libgcc.a
LOAD c:/program files (x86)/gnu tools arm embedded/4.9 2014q4/bin/../lib/gcc/arm-none-eabi/4.9.3/../../../../arm-none-eabi/lib/armv7e-m/fpu\libg.a
LOAD c:/program files (x86)/gnu tools arm embedded/4.9 2014q4/bin/../lib/gcc/arm-none-eabi/4.9.3/../../../../arm-none-eabi/lib/armv7e-m/fpu\libc.a
END GROUP
OUTPUT(test_host.elf elf32-littlearm)

.debug_info     0x00000000    0x311dc
 .debug_info    0x00000000     0x277e ..\obj\usb_core.o
 .debug_info    0x0000277e      0x92e ..\obj\dqchan.o
 .debug_info    0x000030ac      0xc01 ..\obj\scalfact.o
 .debug_info    0x00003cad      0xd99 ..\obj\bitstream.o
 .debug_info    0x00004a46      0x97f ..\obj\dequant.o
 .debug_info    0x000053c5      0x1ba ..\obj\hufftabs.o
 .debug_info    0x0000557f     0x30a2 ..\obj\imdct.o
 .debug_info    0x00008621      0xbb3 ..\obj\usbh_hcs.o
 .debug_info    0x000091d4     0x1a24 ..\obj\usbh_stdreq.o
 .debug_info    0x0000abf8      0x1d1 ..\obj\mp3tabs.o
 .debug_info    0x0000adc9      0x4c9 ..\obj\subband.o
 .debug_info    0x0000b292       0xc2 ..\obj\startup_stm32f4xx.o
 .debug_info    0x0000b354      0xcd3 ..\obj\mp3dec.o
 .debug_info    0x0000c027     0x2de2 ..\obj\main.o
 .debug_info    0x0000ee09      0xcf9 ..\obj\stm32f4xx_rcc.o
 .debug_info    0x0000fb02      0xae6 ..\obj\stm32f4xx_it.o
 .debug_info    0x000105e8     0x1a22 ..\obj\usbh_msc_core.o
 .debug_info    0x0001200a     0x1cf6 ..\obj\usbh_core.o
 .debug_info    0x00013d00      0x7d9 ..\obj\stm32f4xx_gpio.o
 .debug_info    0x000144d9      0xf3d ..\obj\usbh_msc_scsi.o
 .debug_info    0x00015416      0x5b3 ..\obj\system_stm32f4xx.o
 .debug_info    0x000159c9      0xdc5 ..\obj\syscalls.o
 .debug_info    0x0001678e      0xbda ..\obj\usbh_usr.o
 .debug_info    0x00017368      0x19b ..\obj\ccsbcs.o
 .debug_info    0x00017503     0x195a ..\obj\usb_bsp.o
 .debug_info    0x00018e5d      0xcbd ..\obj\stproc.o
 .debug_info    0x00019b1a      0xbe9 ..\obj\huffman.o
 .debug_info    0x0001a703      0x1c4 ..\obj\trigtabs_fixpt.o
 .debug_info    0x0001a8c7      0x9d3 ..\obj\buffers.o
 .debug_info    0x0001b29a     0x6ac2 ..\obj\ff.o
 .debug_info    0x00021d5c      0xe4c ..\obj\usb_hcd.o
 .debug_info    0x00022ba8     0x19bd ..\obj\usbh_msc_bot.o
 .debug_info    0x00024565     0x1590 ..\obj\usbh_msc_fatfs.o
 .debug_info    0x00025af5      0xba0 ..\obj\dct32.o
 .debug_info    0x00026695      0x34c ..\obj\stm32f4xx_exti.o
 .debug_info    0x000269e1     0x15f1 ..\obj\usbh_ioreq.o
 .debug_info    0x00027fd2      0x543 ..\obj\misc.o
 .debug_info    0x00028515     0x15cd ..\obj\Audio.o
 .debug_info    0x00029ae2     0x2fd0 ..\obj\polyphase.o
 .debug_info    0x0002cab2       0xbd ..\obj\fattime.o
 .debug_info    0x0002cb6f     0x24c9 ..\obj\stm32f4xx_tim.o
 .debug_info    0x0002f038     0x21a4 ..\obj\usb_hcd_int.o

.debug_abbrev   0x00000000     0x60a9
 .debug_abbrev  0x00000000      0x45a ..\obj\usb_core.o
 .debug_abbrev  0x0000045a      0x202 ..\obj\dqchan.o
 .debug_abbrev  0x0000065c      0x223 ..\obj\scalfact.o
 .debug_abbrev  0x0000087f      0x2b4 ..\obj\bitstream.o
 .debug_abbrev  0x00000b33      0x1f5 ..\obj\dequant.o
 .debug_abbrev  0x00000d28       0xab ..\obj\hufftabs.o
 .debug_abbrev  0x00000dd3      0x36f ..\obj\imdct.o
 .debug_abbrev  0x00001142      0x21f ..\obj\usbh_hcs.o
 .debug_abbrev  0x00001361      0x37b ..\obj\usbh_stdreq.o
 .debug_abbrev  0x000016dc       0x79 ..\obj\mp3tabs.o
 .debug_abbrev  0x00001755      0x160 ..\obj\subband.o
 .debug_abbrev  0x000018b5       0x12 ..\obj\startup_stm32f4xx.o
 .debug_abbrev  0x000018c7      0x353 ..\obj\mp3dec.o
 .debug_abbrev  0x00001c1a      0x527 ..\obj\main.o
 .debug_abbrev  0x00002141      0x287 ..\obj\stm32f4xx_rcc.o
 .debug_abbrev  0x000023c8      0x1ed ..\obj\stm32f4xx_it.o
 .debug_abbrev  0x000025b5      0x3b0 ..\obj\usbh_msc_core.o
 .debug_abbrev  0x00002965      0x3cb ..\obj\usbh_core.o
 .debug_abbrev  0x00002d30      0x1f6 ..\obj\stm32f4xx_gpio.o
 .debug_abbrev  0x00002f26      0x239 ..\obj\usbh_msc_scsi.o
 .debug_abbrev  0x0000315f      0x15d ..\obj\system_stm32f4xx.o
 .debug_abbrev  0x000032bc      0x29b ..\obj\syscalls.o
 .debug_abbrev  0x00003557      0x28c ..\obj\usbh_usr.o
 .debug_abbrev  0x000037e3       0xcd ..\obj\ccsbcs.o
 .debug_abbrev  0x000038b0      0x33e ..\obj\usb_bsp.o
 .debug_abbrev  0x00003bee      0x1fc ..\obj\stproc.o
 .debug_abbrev  0x00003dea      0x251 ..\obj\huffman.o
 .debug_abbrev  0x0000403b       0x68 ..\obj\trigtabs_fixpt.o
 .debug_abbrev  0x000040a3      0x1da ..\obj\buffers.o
 .debug_abbrev  0x0000427d      0x456 ..\obj\ff.o
 .debug_abbrev  0x000046d3      0x209 ..\obj\usb_hcd.o
 .debug_abbrev  0x000048dc      0x309 ..\obj\usbh_msc_bot.o
 .debug_abbrev  0x00004be5      0x287 ..\obj\usbh_msc_fatfs.o
 .debug_abbrev  0x00004e6c      0x136 ..\obj\dct32.o
 .debug_abbrev  0x00004fa2      0x1c3 ..\obj\stm32f4xx_exti.o
 .debug_abbrev  0x00005165      0x278 ..\obj\usbh_ioreq.o
 .debug_abbrev  0x000053dd      0x154 ..\obj\misc.o
 .debug_abbrev  0x00005531      0x371 ..\obj\Audio.o
 .debug_abbrev  0x000058a2      0x231 ..\obj\polyphase.o
 .debug_abbrev  0x00005ad3       0x67 ..\obj\fattime.o
 .debug_abbrev  0x00005b3a      0x28f ..\obj\stm32f4xx_tim.o
 .debug_abbrev  0x00005dc9      0x2e0 ..\obj\usb_hcd_int.o

.debug_loc      0x00000000    0x2a36a
 .debug_loc     0x00000000     0x146a ..\obj\usb_core.o
 .debug_loc     0x0000146a      0xb29 ..\obj\dqchan.o
 .debug_loc     0x00001f93     0x15a2 ..\obj\scalfact.o
 .debug_loc     0x00003535     0x10f1 ..\obj\bitstream.o
 .debug_loc     0x00004626      0x2e3 ..\obj\dequant.o
 .debug_loc     0x00004909     0x4d84 ..\obj\imdct.o
 .debug_loc     0x0000968d      0x2f1 ..\obj\usbh_hcs.o
 .debug_loc     0x0000997e      0x790 ..\obj\usbh_stdreq.o
 .debug_loc     0x0000a10e      0x175 ..\obj\subband.o
 .debug_loc     0x0000a283      0x882 ..\obj\mp3dec.o
 .debug_loc     0x0000ab05      0x64b ..\obj\main.o
 .debug_loc     0x0000b150      0xb7a ..\obj\stm32f4xx_rcc.o
 .debug_loc     0x0000bcca      0x3dd ..\obj\usbh_msc_core.o
 .debug_loc     0x0000c0a7      0xcf3 ..\obj\usbh_core.o
 .debug_loc     0x0000cd9a      0x386 ..\obj\stm32f4xx_gpio.o
 .debug_loc     0x0000d120      0x444 ..\obj\usbh_msc_scsi.o
 .debug_loc     0x0000d564      0x13f ..\obj\system_stm32f4xx.o
 .debug_loc     0x0000d6a3      0x1d9 ..\obj\syscalls.o
 .debug_loc     0x0000d87c       0x4c ..\obj\ccsbcs.o
 .debug_loc     0x0000d8c8      0x16e ..\obj\usb_bsp.o
 .debug_loc     0x0000da36     0x1c03 ..\obj\stproc.o
 .debug_loc     0x0000f639     0x16d6 ..\obj\huffman.o
 .debug_loc     0x00010d0f     0xd25d ..\obj\ff.o
 .debug_loc     0x0001df6c      0x2d5 ..\obj\usb_hcd.o
 .debug_loc     0x0001e241      0x640 ..\obj\usbh_msc_bot.o
 .debug_loc     0x0001e881      0x318 ..\obj\usbh_msc_fatfs.o
 .debug_loc     0x0001eb99     0x2253 ..\obj\dct32.o
 .debug_loc     0x00020dec      0x1f6 ..\obj\stm32f4xx_exti.o
 .debug_loc     0x00020fe2      0x578 ..\obj\usbh_ioreq.o
 .debug_loc     0x0002155a      0x161 ..\obj\misc.o
 .debug_loc     0x000216bb      0x41f ..\obj\Audio.o
 .debug_loc     0x00021ada     0x5e54 ..\obj\polyphase.o
 .debug_loc     0x0002792e     0x1f41 ..\obj\stm32f4xx_tim.o
 .debug_loc     0x0002986f      0xafb ..\obj\usb_hcd_int.o

.debug_aranges  0x00000000     0x1078
 .debug_aranges
                0x00000000       0xf0 ..\obj\usb_core.o
 .debug_aranges
                0x000000f0       0x28 ..\obj\dqchan.o
 .debug_aranges
                0x00000118       0x20 ..\obj\scalfact.o
 .debug_aranges
                0x00000138       0x60 ..\obj\bitstream.o
 .debug_aranges
                0x00000198       0x20 ..\obj\dequant.o
 .debug_aranges
                0x000001b8       0x18 ..\obj\hufftabs.o
 .debug_aranges
                0x000001d0       0x30 ..\obj\imdct.o
 .debug_aranges
                0x00000200       0x40 ..\obj\usbh_hcs.o
 .debug_aranges
                0x00000240       0x50 ..\obj\usbh_stdreq.o
 .debug_aranges
                0x00000290       0x18 ..\obj\mp3tabs.o
 .debug_aranges
                0x000002a8       0x20 ..\obj\subband.o
 .debug_aranges
                0x000002c8       0x28 ..\obj\startup_stm32f4xx.o
 .debug_aranges
                0x000002f0       0x48 ..\obj\mp3dec.o
 .debug_aranges
                0x00000338       0x58 ..\obj\main.o
 .debug_aranges
                0x00000390      0x178 ..\obj\stm32f4xx_rcc.o
 .debug_aranges
                0x00000508       0x80 ..\obj\stm32f4xx_it.o
 .debug_aranges
                0x00000588       0x40 ..\obj\usbh_msc_core.o
 .debug_aranges
                0x000005c8       0x50 ..\obj\usbh_core.o
 .debug_aranges
                0x00000618       0x88 ..\obj\stm32f4xx_gpio.o
 .debug_aranges
                0x000006a0       0x48 ..\obj\usbh_msc_scsi.o
 .debug_aranges
                0x000006e8       0x28 ..\obj\system_stm32f4xx.o
 .debug_aranges
                0x00000710       0x58 ..\obj\syscalls.o
 .debug_aranges
                0x00000768       0xa8 ..\obj\usbh_usr.o
 .debug_aranges
                0x00000810       0x28 ..\obj\ccsbcs.o
 .debug_aranges
                0x00000838       0x58 ..\obj\usb_bsp.o
 .debug_aranges
                0x00000890       0x30 ..\obj\stproc.o
 .debug_aranges
                0x000008c0       0x20 ..\obj\huffman.o
 .debug_aranges
                0x000008e0       0x18 ..\obj\trigtabs_fixpt.o
 .debug_aranges
                0x000008f8       0x28 ..\obj\buffers.o
 .debug_aranges
                0x00000920      0x168 ..\obj\ff.o
 .debug_aranges
                0x00000a88       0x68 ..\obj\usb_hcd.o
 .debug_aranges
                0x00000af0       0x38 ..\obj\usbh_msc_bot.o
 .debug_aranges
                0x00000b28       0x40 ..\obj\usbh_msc_fatfs.o
 .debug_aranges
                0x00000b68       0x20 ..\obj\dct32.o
 .debug_aranges
                0x00000b88       0x58 ..\obj\stm32f4xx_exti.o
 .debug_aranges
                0x00000be0       0x58 ..\obj\usbh_ioreq.o
 .debug_aranges
                0x00000c38       0x40 ..\obj\misc.o
 .debug_aranges
                0x00000c78       0x70 ..\obj\Audio.o
 .debug_aranges
                0x00000ce8       0x28 ..\obj\polyphase.o
 .debug_aranges
                0x00000d10       0x20 ..\obj\fattime.o
 .debug_aranges
                0x00000d30      0x2d8 ..\obj\stm32f4xx_tim.o
 .debug_aranges
                0x00001008       0x70 ..\obj\usb_hcd_int.o

.debug_ranges   0x00000000     0x3910
 .debug_ranges  0x00000000      0x1a0 ..\obj\usb_core.o
 .debug_ranges  0x000001a0       0x60 ..\obj\dqchan.o
 .debug_ranges  0x00000200       0x78 ..\obj\scalfact.o
 .debug_ranges  0x00000278      0x348 ..\obj\bitstream.o
 .debug_ranges  0x000005c0       0x40 ..\obj\dequant.o
 .debug_ranges  0x00000600      0x830 ..\obj\imdct.o
 .debug_ranges  0x00000e30       0x50 ..\obj\usbh_hcs.o
 .debug_ranges  0x00000e80      0x100 ..\obj\usbh_stdreq.o
 .debug_ranges  0x00000f80       0x10 ..\obj\subband.o
 .debug_ranges  0x00000f90       0x20 ..\obj\startup_stm32f4xx.o
 .debug_ranges  0x00000fb0       0x88 ..\obj\mp3dec.o
 .debug_ranges  0x00001038      0x148 ..\obj\main.o
 .debug_ranges  0x00001180      0x188 ..\obj\stm32f4xx_rcc.o
 .debug_ranges  0x00001308       0x70 ..\obj\stm32f4xx_it.o
 .debug_ranges  0x00001378       0x98 ..\obj\usbh_msc_core.o
 .debug_ranges  0x00001410       0x80 ..\obj\usbh_core.o
 .debug_ranges  0x00001490       0x78 ..\obj\stm32f4xx_gpio.o
 .debug_ranges  0x00001508       0x38 ..\obj\usbh_msc_scsi.o
 .debug_ranges  0x00001540       0x30 ..\obj\system_stm32f4xx.o
 .debug_ranges  0x00001570       0x48 ..\obj\syscalls.o
 .debug_ranges  0x000015b8       0xb0 ..\obj\usbh_usr.o
 .debug_ranges  0x00001668       0x18 ..\obj\ccsbcs.o
 .debug_ranges  0x00001680       0xd8 ..\obj\usb_bsp.o
 .debug_ranges  0x00001758      0x218 ..\obj\stproc.o
 .debug_ranges  0x00001970       0x80 ..\obj\huffman.o
 .debug_ranges  0x000019f0       0x18 ..\obj\buffers.o
 .debug_ranges  0x00001a08     0x1188 ..\obj\ff.o
 .debug_ranges  0x00002b90       0x58 ..\obj\usb_hcd.o
 .debug_ranges  0x00002be8       0x50 ..\obj\usbh_msc_bot.o
 .debug_ranges  0x00002c38       0x30 ..\obj\usbh_msc_fatfs.o
 .debug_ranges  0x00002c68      0x278 ..\obj\dct32.o
 .debug_ranges  0x00002ee0       0x48 ..\obj\stm32f4xx_exti.o
 .debug_ranges  0x00002f28       0x68 ..\obj\usbh_ioreq.o
 .debug_ranges  0x00002f90       0x30 ..\obj\misc.o
 .debug_ranges  0x00002fc0      0x228 ..\obj\Audio.o
 .debug_ranges  0x000031e8      0x348 ..\obj\polyphase.o
 .debug_ranges  0x00003530       0x10 ..\obj\fattime.o
 .debug_ranges  0x00003540      0x370 ..\obj\stm32f4xx_tim.o
 .debug_ranges  0x000038b0       0x60 ..\obj\usb_hcd_int.o

.debug_line     0x00000000     0xce13
 .debug_line    0x00000000      0x82c ..\obj\usb_core.o
 .debug_line    0x0000082c      0x2e7 ..\obj\dqchan.o
 .debug_line    0x00000b13      0x243 ..\obj\scalfact.o
 .debug_line    0x00000d56      0x58e ..\obj\bitstream.o
 .debug_line    0x000012e4      0x1bb ..\obj\dequant.o
 .debug_line    0x0000149f       0x7e ..\obj\hufftabs.o
 .debug_line    0x0000151d      0xb0b ..\obj\imdct.o
 .debug_line    0x00002028      0x2f8 ..\obj\usbh_hcs.o
 .debug_line    0x00002320      0x46b ..\obj\usbh_stdreq.o
 .debug_line    0x0000278b       0xc3 ..\obj\mp3tabs.o
 .debug_line    0x0000284e      0x182 ..\obj\subband.o
 .debug_line    0x000029d0       0xad ..\obj\startup_stm32f4xx.o
 .debug_line    0x00002a7d      0x3b9 ..\obj\mp3dec.o
 .debug_line    0x00002e36      0x74c ..\obj\main.o
 .debug_line    0x00003582      0x60d ..\obj\stm32f4xx_rcc.o
 .debug_line    0x00003b8f      0x399 ..\obj\stm32f4xx_it.o
 .debug_line    0x00003f28      0x484 ..\obj\usbh_msc_core.o
 .debug_line    0x000043ac      0x532 ..\obj\usbh_core.o
 .debug_line    0x000048de      0x3fc ..\obj\stm32f4xx_gpio.o
 .debug_line    0x00004cda      0x4df ..\obj\usbh_msc_scsi.o
 .debug_line    0x000051b9      0x258 ..\obj\system_stm32f4xx.o
 .debug_line    0x00005411      0x3bd ..\obj\syscalls.o
 .debug_line    0x000057ce      0x492 ..\obj\usbh_usr.o
 .debug_line    0x00005c60      0x232 ..\obj\ccsbcs.o
 .debug_line    0x00005e92      0x432 ..\obj\usb_bsp.o
 .debug_line    0x000062c4      0x614 ..\obj\stproc.o
 .debug_line    0x000068d8      0x330 ..\obj\huffman.o
 .debug_line    0x00006c08       0x79 ..\obj\trigtabs_fixpt.o
 .debug_line    0x00006c81      0x116 ..\obj\buffers.o
 .debug_line    0x00006d97     0x2297 ..\obj\ff.o
 .debug_line    0x0000902e      0x2f6 ..\obj\usb_hcd.o
 .debug_line    0x00009324      0x4ba ..\obj\usbh_msc_bot.o
 .debug_line    0x000097de      0x403 ..\obj\usbh_msc_fatfs.o
 .debug_line    0x00009be1      0x615 ..\obj\dct32.o
 .debug_line    0x0000a1f6      0x31f ..\obj\stm32f4xx_exti.o
 .debug_line    0x0000a515      0x394 ..\obj\usbh_ioreq.o
 .debug_line    0x0000a8a9      0x2bc ..\obj\misc.o
 .debug_line    0x0000ab65      0x62e ..\obj\Audio.o
 .debug_line    0x0000b193      0x96b ..\obj\polyphase.o
 .debug_line    0x0000bafe      0x1f1 ..\obj\fattime.o
 .debug_line    0x0000bcef      0xcaa ..\obj\stm32f4xx_tim.o
 .debug_line    0x0000c999      0x47a ..\obj\usb_hcd_int.o

.debug_str      0x00000000     0x731f
 .debug_str     0x00000000     0x1115 ..\obj\usb_core.o
                               0x1421 (size before relaxing)
 .debug_str     0x00001115      0x303 ..\obj\dqchan.o
                                0x4c5 (size before relaxing)
 .debug_str     0x00001418      0x2b5 ..\obj\scalfact.o
                                0x620 (size before relaxing)
 .debug_str     0x000016cd      0x158 ..\obj\bitstream.o
                                0x622 (size before relaxing)
 .debug_str     0x00001825       0xe1 ..\obj\dequant.o
                                0x604 (size before relaxing)
 .debug_str     0x00001906      0x148 ..\obj\hufftabs.o
                                0x2c3 (size before relaxing)
 .debug_str     0x00001a4e      0x21b ..\obj\imdct.o
                                0x6a6 (size before relaxing)
 .debug_str     0x00001c69      0x159 ..\obj\usbh_hcs.o
                                0x928 (size before relaxing)
 .debug_str     0x00001dc2      0xa7e ..\obj\usbh_stdreq.o
                               0x1371 (size before relaxing)
 .debug_str     0x00002840       0x66 ..\obj\mp3tabs.o
                                0x264 (size before relaxing)
 .debug_str     0x000028a6       0xda ..\obj\subband.o
                                0x3f3 (size before relaxing)
 .debug_str     0x00002980      0x335 ..\obj\mp3dec.o
                                0x6be (size before relaxing)
 .debug_str     0x00002cb5      0xdbf ..\obj\main.o
                               0x21d3 (size before relaxing)
 .debug_str     0x00003a74      0x5e9 ..\obj\stm32f4xx_rcc.o
                                0x8b5 (size before relaxing)
 .debug_str     0x0000405d      0x16b ..\obj\stm32f4xx_it.o
                                0x975 (size before relaxing)
 .debug_str     0x000041c8      0x45b ..\obj\usbh_msc_core.o
                               0x163d (size before relaxing)
 .debug_str     0x00004623      0x1b3 ..\obj\usbh_core.o
                               0x1442 (size before relaxing)
 .debug_str     0x000047d6      0x18f ..\obj\stm32f4xx_gpio.o
                                0x52f (size before relaxing)
 .debug_str     0x00004965      0x255 ..\obj\usbh_msc_scsi.o
                                0xcb6 (size before relaxing)
 .debug_str     0x00004bba       0xca ..\obj\system_stm32f4xx.o
                                0x403 (size before relaxing)
 .debug_str     0x00004c84      0x4fc ..\obj\syscalls.o
                                0x796 (size before relaxing)
 .debug_str     0x00005180      0x22c ..\obj\usbh_usr.o
                                0xa15 (size before relaxing)
 .debug_str     0x000053ac       0x83 ..\obj\ccsbcs.o
                                0x214 (size before relaxing)
 .debug_str     0x0000542f      0x2cd ..\obj\usb_bsp.o
                               0x12c6 (size before relaxing)
 .debug_str     0x000056fc       0xbf ..\obj\stproc.o
                                0x410 (size before relaxing)
 .debug_str     0x000057bb       0xd6 ..\obj\huffman.o
                                0x70d (size before relaxing)
 .debug_str     0x00005891       0x80 ..\obj\trigtabs_fixpt.o
                                0x24c (size before relaxing)
 .debug_str     0x00005911       0x95 ..\obj\buffers.o
                                0x65f (size before relaxing)
 .debug_str     0x000059a6      0x3a0 ..\obj\ff.o
                                0x85f (size before relaxing)
 .debug_str     0x00005d46       0x96 ..\obj\usb_hcd.o
                                0xa67 (size before relaxing)
 .debug_str     0x00005ddc      0x10f ..\obj\usbh_msc_bot.o
                               0x1577 (size before relaxing)
 .debug_str     0x00005eeb       0x6f ..\obj\usbh_msc_fatfs.o
                               0x1375 (size before relaxing)
 .debug_str     0x00005f5a       0x65 ..\obj\dct32.o
                                0x1f8 (size before relaxing)
 .debug_str     0x00005fbf      0x1d5 ..\obj\stm32f4xx_exti.o
                                0x3be (size before relaxing)
 .debug_str     0x00006194       0xa5 ..\obj\usbh_ioreq.o
                               0x1288 (size before relaxing)
 .debug_str     0x00006239       0xe7 ..\obj\misc.o
                                0x433 (size before relaxing)
 .debug_str     0x00006320      0x23c ..\obj\Audio.o
                                0xd7f (size before relaxing)
 .debug_str     0x0000655c       0xba ..\obj\polyphase.o
                                0x25c (size before relaxing)
 .debug_str     0x00006616       0x52 ..\obj\fattime.o
                                0x1e5 (size before relaxing)
 .debug_str     0x00006668      0xa37 ..\obj\stm32f4xx_tim.o
                                0xe63 (size before relaxing)
 .debug_str     0x0000709f      0x280 ..\obj\usb_hcd_int.o
                               0x1074 (size before relaxing)

.comment        0x00000000       0x70
 .comment       0x00000000       0x70 ..\obj\usb_core.o
                                 0x71 (size before relaxing)
 .comment       0x00000000       0x71 ..\obj\dqchan.o
 .comment       0x00000000       0x71 ..\obj\scalfact.o
 .comment       0x00000000       0x71 ..\obj\bitstream.o
 .comment       0x00000000       0x71 ..\obj\dequant.o
 .comment       0x00000000       0x71 ..\obj\hufftabs.o
 .comment       0x00000000       0x71 ..\obj\imdct.o
 .comment       0x00000000       0x71 ..\obj\usbh_hcs.o
 .comment       0x00000000       0x71 ..\obj\usbh_stdreq.o
 .comment       0x00000000       0x71 ..\obj\mp3tabs.o
 .comment       0x00000000       0x71 ..\obj\subband.o
 .comment       0x00000000       0x71 ..\obj\mp3dec.o
 .comment       0x00000000       0x71 ..\obj\main.o
 .comment       0x00000000       0x71 ..\obj\stm32f4xx_rcc.o
 .comment       0x00000000       0x71 ..\obj\stm32f4xx_it.o
 .comment       0x00000000       0x71 ..\obj\usbh_msc_core.o
 .comment       0x00000000       0x71 ..\obj\usbh_core.o
 .comment       0x00000000       0x71 ..\obj\stm32f4xx_gpio.o
 .comment       0x00000000       0x71 ..\obj\usbh_msc_scsi.o
 .comment       0x00000000       0x71 ..\obj\system_stm32f4xx.o
 .comment       0x00000000       0x71 ..\obj\syscalls.o
 .comment       0x00000000       0x71 ..\obj\usbh_usr.o
 .comment       0x00000000       0x71 ..\obj\ccsbcs.o
 .comment       0x00000000       0x71 ..\obj\usb_bsp.o
 .comment       0x00000000       0x71 ..\obj\stproc.o
 .comment       0x00000000       0x71 ..\obj\huffman.o
 .comment       0x00000000       0x71 ..\obj\trigtabs_fixpt.o
 .comment       0x00000000       0x71 ..\obj\buffers.o
 .comment       0x00000000       0x71 ..\obj\ff.o
 .comment       0x00000000       0x71 ..\obj\usb_hcd.o
 .comment       0x00000000       0x71 ..\obj\usbh_msc_bot.o
 .comment       0x00000000       0x71 ..\obj\usbh_msc_fatfs.o
 .comment       0x00000000       0x71 ..\obj\dct32.o
 .comment       0x00000000       0x71 ..\obj\stm32f4xx_exti.o
 .comment       0x00000000       0x71 ..\obj\usbh_ioreq.o
 .comment       0x00000000       0x71 ..\obj\misc.o
 .comment       0x00000000       0x71 ..\obj\Audio.o
 .comment       0x00000000       0x71 ..\obj\polyphase.o
 .comment       0x00000000       0x71 ..\obj\fattime.o
 .comment       0x00000000       0x71 ..\obj\stm32f4xx_tim.o
 .comment       0x00000000       0x71 ..\obj\usb_hcd_int.o

.ARM.attributes
                0x00000000       0x37
 .ARM.attributes
                0x00000000       0x39 ..\obj\usb_core.o
 .ARM.attributes
                0x00000039       0x39 ..\obj\dqchan.o
 .ARM.attributes
                0x00000072       0x39 ..\obj\scalfact.o
 .ARM.attributes
                0x000000ab       0x39 ..\obj\bitstream.o
 .ARM.attributes
                0x000000e4       0x39 ..\obj\dequant.o
 .ARM.attributes
                0x0000011d       0x39 ..\obj\hufftabs.o
 .ARM.attributes
                0x00000156       0x39 ..\obj\imdct.o
 .ARM.attributes
                0x0000018f       0x39 ..\obj\usbh_hcs.o
 .ARM.attributes
                0x000001c8       0x39 ..\obj\usbh_stdreq.o
 .ARM.attributes
                0x00000201       0x39 ..\obj\mp3tabs.o
 .ARM.attributes
                0x0000023a       0x39 ..\obj\subband.o
 .ARM.attributes
                0x00000273       0x21 ..\obj\startup_stm32f4xx.o
 .ARM.attributes
                0x00000294       0x39 ..\obj\mp3dec.o
 .ARM.attributes
                0x000002cd       0x39 ..\obj\main.o
 .ARM.attributes
                0x00000306       0x39 ..\obj\stm32f4xx_rcc.o
 .ARM.attributes
                0x0000033f       0x39 ..\obj\stm32f4xx_it.o
 .ARM.attributes
                0x00000378       0x39 ..\obj\usbh_msc_core.o
 .ARM.attributes
                0x000003b1       0x39 ..\obj\usbh_core.o
 .ARM.attributes
                0x000003ea       0x39 ..\obj\stm32f4xx_gpio.o
 .ARM.attributes
                0x00000423       0x39 ..\obj\usbh_msc_scsi.o
 .ARM.attributes
                0x0000045c       0x39 ..\obj\system_stm32f4xx.o
 .ARM.attributes
                0x00000495       0x39 ..\obj\syscalls.o
 .ARM.attributes
                0x000004ce       0x39 ..\obj\usbh_usr.o
 .ARM.attributes
                0x00000507       0x39 ..\obj\ccsbcs.o
 .ARM.attributes
                0x00000540       0x39 ..\obj\usb_bsp.o
 .ARM.attributes
                0x00000579       0x39 ..\obj\stproc.o
 .ARM.attributes
                0x000005b2       0x39 ..\obj\huffman.o
 .ARM.attributes
                0x000005eb       0x39 ..\obj\trigtabs_fixpt.o
 .ARM.attributes
                0x00000624       0x39 ..\obj\buffers.o
 .ARM.attributes
                0x0000065d       0x39 ..\obj\ff.o
 .ARM.attributes
                0x00000696       0x39 ..\obj\usb_hcd.o
 .ARM.attributes
                0x000006cf       0x39 ..\obj\usbh_msc_bot.o
 .ARM.attributes
                0x00000708       0x39 ..\obj\usbh_msc_fatfs.o
 .ARM.attributes
                0x00000741       0x39 ..\obj\dct32.o
 .ARM.attributes
                0x0000077a       0x39 ..\obj\stm32f4xx_exti.o
 .ARM.attributes
                0x000007b3       0x39 ..\obj\usbh_ioreq.o
 .ARM.attributes
                0x000007ec       0x39 ..\obj\misc.o
 .ARM.attributes
                0x00000825       0x39 ..\obj\Audio.o
 .ARM.attributes
                0x0000085e       0x39 ..\obj\polyphase.o
 .ARM.attributes
                0x00000897       0x39 ..\obj\fattime.o
 .ARM.attributes
                0x000008d0       0x39 ..\obj\stm32f4xx_tim.o
 .ARM.attributes
                0x00000909       0x39 ..\obj\usb_hcd_int.o
 .ARM.attributes
                0x00000942       0x34 c:/program files (x86)/gnu tools arm embedded/4.9 2014q4/bin/../lib/gcc/arm-none-eabi/4.9.3/../../../../arm-none-eabi/lib/armv7e-m/fpu\libg.a(lib_a-init.o)
 .ARM.attributes
                0x00000976       0x20 c:/program files (x86)/gnu tools arm embedded/4.9 2014q4/bin/../lib/gcc/arm-none-eabi/4.9.3/../../../../arm-none-eabi/lib/armv7e-m/fpu\libg.a(lib_a-memcpy.o)
 .ARM.attributes
                0x00000996       0x34 c:/program files (x86)/gnu tools arm embedded/4.9 2014q4/bin/../lib/gcc/arm-none-eabi/4.9.3/../../../../arm-none-eabi/lib/armv7e-m/fpu\libg.a(lib_a-memmove.o)
 .ARM.attributes
                0x000009ca       0x34 c:/program files (x86)/gnu tools arm embedded/4.9 2014q4/bin/../lib/gcc/arm-none-eabi/4.9.3/../../../../arm-none-eabi/lib/armv7e-m/fpu\libg.a(lib_a-memset.o)
 .ARM.attributes
                0x000009fe       0x34 c:/program files (x86)/gnu tools arm embedded/4.9 2014q4/bin/../lib/gcc/arm-none-eabi/4.9.3/../../../../arm-none-eabi/lib/armv7e-m/fpu\libg.a(lib_a-sprintf.o)
 .ARM.attributes
                0x00000a32       0x20 c:/program files (x86)/gnu tools arm embedded/4.9 2014q4/bin/../lib/gcc/arm-none-eabi/4.9.3/../../../../arm-none-eabi/lib/armv7e-m/fpu\libg.a(lib_a-strcmp.o)
 .ARM.attributes
                0x00000a52       0x34 c:/program files (x86)/gnu tools arm embedded/4.9 2014q4/bin/../lib/gcc/arm-none-eabi/4.9.3/../../../../arm-none-eabi/lib/armv7e-m/fpu\libg.a(lib_a-strncmp.o)
 .ARM.attributes
                0x00000a86       0x34 c:/program files (x86)/gnu tools arm embedded/4.9 2014q4/bin/../lib/gcc/arm-none-eabi/4.9.3/../../../../arm-none-eabi/lib/armv7e-m/fpu\libg.a(lib_a-strrchr.o)
 .ARM.attributes
                0x00000aba       0x34 c:/program files (x86)/gnu tools arm embedded/4.9 2014q4/bin/../lib/gcc/arm-none-eabi/4.9.3/../../../../arm-none-eabi/lib/armv7e-m/fpu\libg.a(lib_a-svfprintf.o)
 .ARM.attributes
                0x00000aee       0x34 c:/program files (x86)/gnu tools arm embedded/4.9 2014q4/bin/../lib/gcc/arm-none-eabi/4.9.3/../../../../arm-none-eabi/lib/armv7e-m/fpu\libg.a(lib_a-dtoa.o)
 .ARM.attributes
                0x00000b22       0x34 c:/program files (x86)/gnu tools arm embedded/4.9 2014q4/bin/../lib/gcc/arm-none-eabi/4.9.3/../../../../arm-none-eabi/lib/armv7e-m/fpu\libg.a(lib_a-impure.o)
 .ARM.attributes
                0x00000b56       0x34 c:/program files (x86)/gnu tools arm embedded/4.9 2014q4/bin/../lib/gcc/arm-none-eabi/4.9.3/../../../../arm-none-eabi/lib/armv7e-m/fpu\libg.a(lib_a-locale.o)
 .ARM.attributes
                0x00000b8a       0x34 c:/program files (x86)/gnu tools arm embedded/4.9 2014q4/bin/../lib/gcc/arm-none-eabi/4.9.3/../../../../arm-none-eabi/lib/armv7e-m/fpu\libg.a(lib_a-mallocr.o)
 .ARM.attributes
                0x00000bbe       0x34 c:/program files (x86)/gnu tools arm embedded/4.9 2014q4/bin/../lib/gcc/arm-none-eabi/4.9.3/../../../../arm-none-eabi/lib/armv7e-m/fpu\libg.a(lib_a-memchr.o)
 .ARM.attributes
                0x00000bf2       0x34 c:/program files (x86)/gnu tools arm embedded/4.9 2014q4/bin/../lib/gcc/arm-none-eabi/4.9.3/../../../../arm-none-eabi/lib/armv7e-m/fpu\libg.a(lib_a-mlock.o)
 .ARM.attributes
                0x00000c26       0x34 c:/program files (x86)/gnu tools arm embedded/4.9 2014q4/bin/../lib/gcc/arm-none-eabi/4.9.3/../../../../arm-none-eabi/lib/armv7e-m/fpu\libg.a(lib_a-mprec.o)
 .ARM.attributes
                0x00000c5a       0x34 c:/program files (x86)/gnu tools arm embedded/4.9 2014q4/bin/../lib/gcc/arm-none-eabi/4.9.3/../../../../arm-none-eabi/lib/armv7e-m/fpu\libg.a(lib_a-s_fpclassify.o)
 .ARM.attributes
                0x00000c8e       0x34 c:/program files (x86)/gnu tools arm embedded/4.9 2014q4/bin/../lib/gcc/arm-none-eabi/4.9.3/../../../../arm-none-eabi/lib/armv7e-m/fpu\libg.a(lib_a-strchr.o)
 .ARM.attributes
                0x00000cc2       0x34 c:/program files (x86)/gnu tools arm embedded/4.9 2014q4/bin/../lib/gcc/arm-none-eabi/4.9.3/../../../../arm-none-eabi/lib/armv7e-m/fpu\libg.a(lib_a-strlen.o)
 .ARM.attributes
                0x00000cf6       0x34 c:/program files (x86)/gnu tools arm embedded/4.9 2014q4/bin/../lib/gcc/arm-none-eabi/4.9.3/../../../../arm-none-eabi/lib/armv7e-m/fpu\libg.a(lib_a-svfiprintf.o)
 .ARM.attributes
                0x00000d2a       0x34 c:/program files (x86)/gnu tools arm embedded/4.9 2014q4/bin/../lib/gcc/arm-none-eabi/4.9.3/../../../../arm-none-eabi/lib/armv7e-m/fpu\libg.a(lib_a-callocr.o)
 .ARM.attributes
                0x00000d5e       0x34 c:/program files (x86)/gnu tools arm embedded/4.9 2014q4/bin/../lib/gcc/arm-none-eabi/4.9.3/../../../../arm-none-eabi/lib/armv7e-m/fpu\libg.a(lib_a-freer.o)
 .ARM.attributes
                0x00000d92       0x34 c:/program files (x86)/gnu tools arm embedded/4.9 2014q4/bin/../lib/gcc/arm-none-eabi/4.9.3/../../../../arm-none-eabi/lib/armv7e-m/fpu\libg.a(lib_a-reallocr.o)
 .ARM.attributes
                0x00000dc6       0x22 c:/program files (x86)/gnu tools arm embedded/4.9 2014q4/bin/../lib/gcc/arm-none-eabi/4.9.3/armv7e-m/fpu\libgcc.a(_arm_addsubdf3.o)
 .ARM.attributes
                0x00000de8       0x22 c:/program files (x86)/gnu tools arm embedded/4.9 2014q4/bin/../lib/gcc/arm-none-eabi/4.9.3/armv7e-m/fpu\libgcc.a(_arm_muldivdf3.o)
 .ARM.attributes
                0x00000e0a       0x22 c:/program files (x86)/gnu tools arm embedded/4.9 2014q4/bin/../lib/gcc/arm-none-eabi/4.9.3/armv7e-m/fpu\libgcc.a(_arm_cmpdf2.o)
 .ARM.attributes
                0x00000e2c       0x22 c:/program files (x86)/gnu tools arm embedded/4.9 2014q4/bin/../lib/gcc/arm-none-eabi/4.9.3/armv7e-m/fpu\libgcc.a(_arm_fixdfsi.o)
 .ARM.attributes
                0x00000e4e       0x22 c:/program files (x86)/gnu tools arm embedded/4.9 2014q4/bin/../lib/gcc/arm-none-eabi/4.9.3/armv7e-m/fpu\libgcc.a(_aeabi_uldivmod.o)
 .ARM.attributes
                0x00000e70       0x34 c:/program files (x86)/gnu tools arm embedded/4.9 2014q4/bin/../lib/gcc/arm-none-eabi/4.9.3/armv7e-m/fpu\libgcc.a(bpabi.o)
 .ARM.attributes
                0x00000ea4       0x22 c:/program files (x86)/gnu tools arm embedded/4.9 2014q4/bin/../lib/gcc/arm-none-eabi/4.9.3/armv7e-m/fpu\libgcc.a(_dvmd_tls.o)
 .ARM.attributes
                0x00000ec6       0x34 c:/program files (x86)/gnu tools arm embedded/4.9 2014q4/bin/../lib/gcc/arm-none-eabi/4.9.3/armv7e-m/fpu\libgcc.a(_divdi3.o)
 .ARM.attributes
                0x00000efa       0x34 c:/program files (x86)/gnu tools arm embedded/4.9 2014q4/bin/../lib/gcc/arm-none-eabi/4.9.3/armv7e-m/fpu\libgcc.a(_udivdi3.o)

.debug_frame    0x00000000     0x35cc
 .debug_frame   0x00000000      0x2a4 ..\obj\usb_core.o
 .debug_frame   0x000002a4       0x78 ..\obj\dqchan.o
 .debug_frame   0x0000031c       0x44 ..\obj\scalfact.o
 .debug_frame   0x00000360      0x178 ..\obj\bitstream.o
 .debug_frame   0x000004d8       0x64 ..\obj\dequant.o
 .debug_frame   0x0000053c       0xa4 ..\obj\imdct.o
 .debug_frame   0x000005e0       0x7c ..\obj\usbh_hcs.o
 .debug_frame   0x0000065c       0xf0 ..\obj\usbh_stdreq.o
 .debug_frame   0x0000074c       0x4c ..\obj\subband.o
 .debug_frame   0x00000798       0xec ..\obj\mp3dec.o
 .debug_frame   0x00000884      0x128 ..\obj\main.o
 .debug_frame   0x000009ac      0x2f0 ..\obj\stm32f4xx_rcc.o
 .debug_frame   0x00000c9c       0xe0 ..\obj\stm32f4xx_it.o
 .debug_frame   0x00000d7c       0xa0 ..\obj\usbh_msc_core.o
 .debug_frame   0x00000e1c       0xdc ..\obj\usbh_core.o
 .debug_frame   0x00000ef8      0x164 ..\obj\stm32f4xx_gpio.o
 .debug_frame   0x0000105c      0x104 ..\obj\usbh_msc_scsi.o
 .debug_frame   0x00001160       0x3c ..\obj\system_stm32f4xx.o
 .debug_frame   0x0000119c       0x9c ..\obj\syscalls.o
 .debug_frame   0x00001238      0x150 ..\obj\usbh_usr.o
 .debug_frame   0x00001388       0x40 ..\obj\ccsbcs.o
 .debug_frame   0x000013c8       0xf4 ..\obj\usb_bsp.o
 .debug_frame   0x000014bc       0xac ..\obj\stproc.o
 .debug_frame   0x00001568       0x48 ..\obj\huffman.o
 .debug_frame   0x000015b0       0x44 ..\obj\buffers.o
 .debug_frame   0x000015f4      0x7f4 ..\obj\ff.o
 .debug_frame   0x00001de8       0xd4 ..\obj\usb_hcd.o
 .debug_frame   0x00001ebc       0x88 ..\obj\usbh_msc_bot.o
 .debug_frame   0x00001f44       0x88 ..\obj\usbh_msc_fatfs.o
 .debug_frame   0x00001fcc       0x40 ..\obj\dct32.o
 .debug_frame   0x0000200c       0xb4 ..\obj\stm32f4xx_exti.o
 .debug_frame   0x000020c0      0x110 ..\obj\usbh_ioreq.o
 .debug_frame   0x000021d0       0x74 ..\obj\misc.o
 .debug_frame   0x00002244      0x130 ..\obj\Audio.o